Archive member included to satisfy reference by file (symbol)

C:/ST/STM32CubeIDE_1.16.1/STM32CubeIDE/plugins/com.st.stm32cube.ide.mcu.externaltools.gnu-tools-for-stm32.12.3.rel1.win32_1.0.200.202406191623/tools/bin/../lib/gcc/arm-none-eabi/12.3.1/../../../../arm-none-eabi/lib/thumb/v7e-m+fp/hard\libc_nano.a(libc_a-exit.o)
                              C:/ST/STM32CubeIDE_1.16.1/STM32CubeIDE/plugins/com.st.stm32cube.ide.mcu.externaltools.gnu-tools-for-stm32.12.3.rel1.win32_1.0.200.202406191623/tools/bin/../lib/gcc/arm-none-eabi/12.3.1/../../../../arm-none-eabi/lib/thumb/v7e-m+fp/hard/crt0.o (exit)
C:/ST/STM32CubeIDE_1.16.1/STM32CubeIDE/plugins/com.st.stm32cube.ide.mcu.externaltools.gnu-tools-for-stm32.12.3.rel1.win32_1.0.200.202406191623/tools/bin/../lib/gcc/arm-none-eabi/12.3.1/../../../../arm-none-eabi/lib/thumb/v7e-m+fp/hard\libc_nano.a(libc_a-findfp.o)
                              C:/ST/STM32CubeIDE_1.16.1/STM32CubeIDE/plugins/com.st.stm32cube.ide.mcu.externaltools.gnu-tools-for-stm32.12.3.rel1.win32_1.0.200.202406191623/tools/bin/../lib/gcc/arm-none-eabi/12.3.1/../../../../arm-none-eabi/lib/thumb/v7e-m+fp/hard\libc_nano.a(libc_a-exit.o) (__stdio_exit_handler)
C:/ST/STM32CubeIDE_1.16.1/STM32CubeIDE/plugins/com.st.stm32cube.ide.mcu.externaltools.gnu-tools-for-stm32.12.3.rel1.win32_1.0.200.202406191623/tools/bin/../lib/gcc/arm-none-eabi/12.3.1/../../../../arm-none-eabi/lib/thumb/v7e-m+fp/hard\libc_nano.a(libc_a-fwalk.o)
                              C:/ST/STM32CubeIDE_1.16.1/STM32CubeIDE/plugins/com.st.stm32cube.ide.mcu.externaltools.gnu-tools-for-stm32.12.3.rel1.win32_1.0.200.202406191623/tools/bin/../lib/gcc/arm-none-eabi/12.3.1/../../../../arm-none-eabi/lib/thumb/v7e-m+fp/hard\libc_nano.a(libc_a-findfp.o) (_fwalk_sglue)
C:/ST/STM32CubeIDE_1.16.1/STM32CubeIDE/plugins/com.st.stm32cube.ide.mcu.externaltools.gnu-tools-for-stm32.12.3.rel1.win32_1.0.200.202406191623/tools/bin/../lib/gcc/arm-none-eabi/12.3.1/../../../../arm-none-eabi/lib/thumb/v7e-m+fp/hard\libc_nano.a(libc_a-sprintf.o)
                              ./Core/Src/RTC.o (sprintf)
C:/ST/STM32CubeIDE_1.16.1/STM32CubeIDE/plugins/com.st.stm32cube.ide.mcu.externaltools.gnu-tools-for-stm32.12.3.rel1.win32_1.0.200.202406191623/tools/bin/../lib/gcc/arm-none-eabi/12.3.1/../../../../arm-none-eabi/lib/thumb/v7e-m+fp/hard\libc_nano.a(libc_a-stdio.o)
                              C:/ST/STM32CubeIDE_1.16.1/STM32CubeIDE/plugins/com.st.stm32cube.ide.mcu.externaltools.gnu-tools-for-stm32.12.3.rel1.win32_1.0.200.202406191623/tools/bin/../lib/gcc/arm-none-eabi/12.3.1/../../../../arm-none-eabi/lib/thumb/v7e-m+fp/hard\libc_nano.a(libc_a-findfp.o) (__sread)
C:/ST/STM32CubeIDE_1.16.1/STM32CubeIDE/plugins/com.st.stm32cube.ide.mcu.externaltools.gnu-tools-for-stm32.12.3.rel1.win32_1.0.200.202406191623/tools/bin/../lib/gcc/arm-none-eabi/12.3.1/../../../../arm-none-eabi/lib/thumb/v7e-m+fp/hard\libc_nano.a(libc_a-memset.o)
                              C:/ST/STM32CubeIDE_1.16.1/STM32CubeIDE/plugins/com.st.stm32cube.ide.mcu.externaltools.gnu-tools-for-stm32.12.3.rel1.win32_1.0.200.202406191623/tools/bin/../lib/gcc/arm-none-eabi/12.3.1/../../../../arm-none-eabi/lib/thumb/v7e-m+fp/hard/crt0.o (memset)
C:/ST/STM32CubeIDE_1.16.1/STM32CubeIDE/plugins/com.st.stm32cube.ide.mcu.externaltools.gnu-tools-for-stm32.12.3.rel1.win32_1.0.200.202406191623/tools/bin/../lib/gcc/arm-none-eabi/12.3.1/../../../../arm-none-eabi/lib/thumb/v7e-m+fp/hard\libc_nano.a(libc_a-closer.o)
                              C:/ST/STM32CubeIDE_1.16.1/STM32CubeIDE/plugins/com.st.stm32cube.ide.mcu.externaltools.gnu-tools-for-stm32.12.3.rel1.win32_1.0.200.202406191623/tools/bin/../lib/gcc/arm-none-eabi/12.3.1/../../../../arm-none-eabi/lib/thumb/v7e-m+fp/hard\libc_nano.a(libc_a-stdio.o) (_close_r)
C:/ST/STM32CubeIDE_1.16.1/STM32CubeIDE/plugins/com.st.stm32cube.ide.mcu.externaltools.gnu-tools-for-stm32.12.3.rel1.win32_1.0.200.202406191623/tools/bin/../lib/gcc/arm-none-eabi/12.3.1/../../../../arm-none-eabi/lib/thumb/v7e-m+fp/hard\libc_nano.a(libc_a-reent.o)
                              C:/ST/STM32CubeIDE_1.16.1/STM32CubeIDE/plugins/com.st.stm32cube.ide.mcu.externaltools.gnu-tools-for-stm32.12.3.rel1.win32_1.0.200.202406191623/tools/bin/../lib/gcc/arm-none-eabi/12.3.1/../../../../arm-none-eabi/lib/thumb/v7e-m+fp/hard\libc_nano.a(libc_a-closer.o) (errno)
C:/ST/STM32CubeIDE_1.16.1/STM32CubeIDE/plugins/com.st.stm32cube.ide.mcu.externaltools.gnu-tools-for-stm32.12.3.rel1.win32_1.0.200.202406191623/tools/bin/../lib/gcc/arm-none-eabi/12.3.1/../../../../arm-none-eabi/lib/thumb/v7e-m+fp/hard\libc_nano.a(libc_a-impure.o)
                              C:/ST/STM32CubeIDE_1.16.1/STM32CubeIDE/plugins/com.st.stm32cube.ide.mcu.externaltools.gnu-tools-for-stm32.12.3.rel1.win32_1.0.200.202406191623/tools/bin/../lib/gcc/arm-none-eabi/12.3.1/../../../../arm-none-eabi/lib/thumb/v7e-m+fp/hard\libc_nano.a(libc_a-sprintf.o) (_impure_ptr)
[...]
Memory Configuration

Name             Origin             Length             Attributes
RAM              0x20000000         0x00010000         xrw
FLASH            0x08000000         0x00040000         xr
*default*        0x00000000         0xffffffff

Linker script and memory map

LOAD C:/ST/STM32CubeIDE_1.16.1/STM32CubeIDE/plugins/com.st.stm32cube.ide.mcu.externaltools.gnu-tools-for-stm32.12.3.rel1.win32_1.0.200.202406191623/tools/bin/../lib/gcc/arm-none-eabi/12.3.1/thumb/v7e-m+fp/hard/crti.o
LOAD C:/ST/STM32CubeIDE_1.16.1/STM32CubeIDE/plugins/com.st.stm32cube.ide.mcu.externaltools.gnu-tools-for-stm32.12.3.rel1.win32_1.0.200.202406191623/tools/bin/../lib/gcc/arm-none-eabi/12.3.1/thumb/v7e-m+fp/hard/crtbegin.o
LOAD C:/ST/STM32CubeIDE_1.16.1/STM32CubeIDE/plugins/com.st.stm32cube.ide.mcu.externaltools.gnu-tools-for-stm32.12.3.rel1.win32_1.0.200.202406191623/tools/bin/../lib/gcc/arm-none-eabi/12.3.1/../../../../arm-none-eabi/lib/thumb/v7e-m+fp/hard/crt0.o
LOAD ./Core/Src/LedEffect.o
LOAD ./Core/Src/RTC.o
LOAD ./Core/Src/TaskHandlers.o
LOAD ./Core/Src/main.o
LOAD ./Core/Src/stm32f4xx_hal_msp.o
LOAD ./Core/Src/stm32f4xx_hal_timebase_tim.o
LOAD ./Core/Src/stm32f4xx_it.o
LOAD ./Core/Src/syscalls.o
LOAD ./Core/Src/sysmem.o
LOAD ./Core/Src/system_stm32f4xx.o
LOAD ./Core/Startup/startup_stm32f401rctx.o
LOAD ./Drivers/STM32F4xx_HAL_Driver/Src/stm32f4xx_hal.o
LOAD ./Drivers/STM32F4xx_HAL_Driver/Src/stm32f4xx_hal_cortex.o
LOAD ./Drivers/STM32F4xx_HAL_Driver/Src/stm32f4xx_hal_dma.o
LOAD ./Drivers/STM32F4xx_HAL_Driver/Src/stm32f4xx_hal_dma_ex.o
LOAD ./Drivers/STM32F4xx_HAL_Driver/Src/stm32f4xx_hal_exti.o
LOAD ./Drivers/STM32F4xx_HAL_Driver/Src/stm32f4xx_hal_flash.o
LOAD ./Drivers/STM32F4xx_HAL_Driver/Src/stm32f4xx_hal_flash_ex.o
LOAD ./Drivers/STM32F4xx_HAL_Driver/Src/stm32f4xx_hal_flash_ramfunc.o
LOAD ./Drivers/STM32F4xx_HAL_Driver/Src/stm32f4xx_hal_gpio.o
LOAD ./Drivers/STM32F4xx_HAL_Driver/Src/stm32f4xx_hal_pwr.o
LOAD ./Drivers/STM32F4xx_HAL_Driver/Src/stm32f4xx_hal_pwr_ex.o
LOAD ./Drivers/STM32F4xx_HAL_Driver/Src/stm32f4xx_hal_rcc.o
LOAD ./Drivers/STM32F4xx_HAL_Driver/Src/stm32f4xx_hal_rcc_ex.o
LOAD ./Drivers/STM32F4xx_HAL_Driver/Src/stm32f4xx_hal_rtc.o
LOAD ./Drivers/STM32F4xx_HAL_Driver/Src/stm32f4xx_hal_rtc_ex.o
LOAD ./Drivers/STM32F4xx_HAL_Driver/Src/stm32f4xx_hal_tim.o
LOAD ./Drivers/STM32F4xx_HAL_Driver/Src/stm32f4xx_hal_tim_ex.o
LOAD ./Drivers/STM32F4xx_HAL_Driver/Src/stm32f4xx_hal_uart.o
LOAD ./ThirdParty/FreeRTOS/croutine.o
LOAD ./ThirdParty/FreeRTOS/event_groups.o
LOAD ./ThirdParty/FreeRTOS/list.o
LOAD ./ThirdParty/FreeRTOS/queue.o
LOAD ./ThirdParty/FreeRTOS/stream_buffer.o
LOAD ./ThirdParty/FreeRTOS/tasks.o
LOAD ./ThirdParty/FreeRTOS/timers.o
LOAD ./ThirdParty/FreeRTOS/portable/GCC/ARM_CM4F/port.o
LOAD ./ThirdParty/FreeRTOS/portable/MemMang/heap_4.o
START GROUP
LOAD C:/ST/STM32CubeIDE_1.16.1/STM32CubeIDE/plugins/com.st.stm32cube.ide.mcu.externaltools.gnu-tools-for-stm32.12.3.rel1.win32_1.0.200.202406191623/tools/bin/../lib/gcc/arm-none-eabi/12.3.1/../../../../arm-none-eabi/lib/thumb/v7e-m+fp/hard\libc_nano.a
LOAD C:/ST/STM32CubeIDE_1.16.1/STM32CubeIDE/plugins/com.st.stm32cube.ide.mcu.externaltools.gnu-tools-for-stm32.12.3.rel1.win32_1.0.200.202406191623/tools/bin/../lib/gcc/arm-none-eabi/12.3.1/../../../../arm-none-eabi/lib/thumb/v7e-m+fp/hard\libm.a
END GROUP
START GROUP
LOAD C:/ST/STM32CubeIDE_1.16.1/STM32CubeIDE/plugins/com.st.stm32cube.ide.mcu.externaltools.gnu-tools-for-stm32.12.3.rel1.win32_1.0.200.202406191623/tools/bin/../lib/gcc/arm-none-eabi/12.3.1/thumb/v7e-m+fp/hard\libgcc.a
LOAD C:/ST/STM32CubeIDE_1.16.1/STM32CubeIDE/plugins/com.st.stm32cube.ide.mcu.externaltools.gnu-tools-for-stm32.12.3.rel1.win32_1.0.200.202406191623/tools/bin/../lib/gcc/arm-none-eabi/12.3.1/../../../../arm-none-eabi/lib/thumb/v7e-m+fp/hard\libc_nano.a
END GROUP
START GROUP
LOAD C:/ST/STM32CubeIDE_1.16.1/STM32CubeIDE/plugins/com.st.stm32cube.ide.mcu.externaltools.gnu-tools-for-stm32.12.3.rel1.win32_1.0.200.202406191623/tools/bin/../lib/gcc/arm-none-eabi/12.3.1/thumb/v7e-m+fp/hard\libgcc.a
LOAD C:/ST/STM32CubeIDE_1.16.1/STM32CubeIDE/plugins/com.st.stm32cube.ide.mcu.externaltools.gnu-tools-for-stm32.12.3.rel1.win32_1.0.200.202406191623/tools/bin/../lib/gcc/arm-none-eabi/12.3.1/../../../../arm-none-eabi/lib/thumb/v7e-m+fp/hard\libc_nano.a
LOAD C:/ST/STM32CubeIDE_1.16.1/STM32CubeIDE/plugins/com.st.stm32cube.ide.mcu.externaltools.gnu-tools-for-stm32.12.3.rel1.win32_1.0.200.202406191623/tools/bin/../lib/gcc/arm-none-eabi/12.3.1/../../../../arm-none-eabi/lib/thumb/v7e-m+fp/hard\libnosys.a
END GROUP
START GROUP
LOAD C:/ST/STM32CubeIDE_1.16.1/STM32CubeIDE/plugins/com.st.stm32cube.ide.mcu.externaltools.gnu-tools-for-stm32.12.3.rel1.win32_1.0.200.202406191623/tools/bin/../lib/gcc/arm-none-eabi/12.3.1/thumb/v7e-m+fp/hard\libgcc.a
LOAD C:/ST/STM32CubeIDE_1.16.1/STM32CubeIDE/plugins/com.st.stm32cube.ide.mcu.externaltools.gnu-tools-for-stm32.12.3.rel1.win32_1.0.200.202406191623/tools/bin/../lib/gcc/arm-none-eabi/12.3.1/../../../../arm-none-eabi/lib/thumb/v7e-m+fp/hard\libc_nano.a
LOAD C:/ST/STM32CubeIDE_1.16.1/STM32CubeIDE/plugins/com.st.stm32cube.ide.mcu.externaltools.gnu-tools-for-stm32.12.3.rel1.win32_1.0.200.202406191623/tools/bin/../lib/gcc/arm-none-eabi/12.3.1/../../../../arm-none-eabi/lib/thumb/v7e-m+fp/hard\libnosys.a
END GROUP
LOAD C:/ST/STM32CubeIDE_1.16.1/STM32CubeIDE/plugins/com.st.stm32cube.ide.mcu.externaltools.gnu-tools-for-stm32.12.3.rel1.win32_1.0.200.202406191623/tools/bin/../lib/gcc/arm-none-eabi/12.3.1/thumb/v7e-m+fp/hard/crtend.o
LOAD C:/ST/STM32CubeIDE_1.16.1/STM32CubeIDE/plugins/com.st.stm32cube.ide.mcu.externaltools.gnu-tools-for-stm32.12.3.rel1.win32_1.0.200.202406191623/tools/bin/../lib/gcc/arm-none-eabi/12.3.1/thumb/v7e-m+fp/hard/crtn.o
                0x20010000                        _estack = (ORIGIN (RAM) + LENGTH (RAM))
                0x00000200                        _Min_Heap_Size = 0x200
                0x00000400                        _Min_Stack_Size = 0x400

.isr_vector     0x08000000      0x194
                0x08000000                        . = ALIGN (0x4)
 *(.isr_vector)
 .isr_vector    0x08000000      0x194 ./Core/Startup/startup_stm32f401rctx.o
                0x08000000                g_pfnVectors
                0x08000194                        . = ALIGN (0x4)

.text           0x080001a0     0x7e88
                0x080001a0                        . = ALIGN (0x4)
 *(.text)
 .text          0x080001a0       0x40 C:/ST/STM32CubeIDE_1.16.1/STM32CubeIDE/plugins/com.st.stm32cube.ide.mcu.externaltools.gnu-tools-for-stm32.12.3.rel1.win32_1.0.200.202406191623/tools/bin/../lib/gcc/arm-none-eabi/12.3.1/thumb/v7e-m+fp/hard/crtbegin.o
 .text          0x080001e0       0x14 C:/ST/STM32CubeIDE_1.16.1/STM32CubeIDE/plugins/com.st.stm32cube.ide.mcu.externaltools.gnu-tools-for-stm32.12.3.rel1.win32_1.0.200.202406191623/tools/bin/../lib/gcc/arm-none-eabi/12.3.1/../../../../arm-none-eabi/lib/thumb/v7e-m+fp/hard\libc_nano.a(libc_a-strcmp.o)
                0x080001e0                strcmp
 .text          0x080001f4       0x10 C:/ST/STM32CubeIDE_1.16.1/STM32CubeIDE/plugins/com.st.stm32cube.ide.mcu.externaltools.gnu-tools-for-stm32.12.3.rel1.win32_1.0.200.202406191623/tools/bin/../lib/gcc/arm-none-eabi/12.3.1/../../../../arm-none-eabi/lib/thumb/v7e-m+fp/hard\libc_nano.a(libc_a-strlen.o)
                0x080001f4                strlen
 *fill*         0x08000204        0xc 
 .text          0x08000210       0xa0 C:/ST/STM32CubeIDE_1.16.1/STM32CubeIDE/plugins/com.st.stm32cube.ide.mcu.externaltools.gnu-tools-for-stm32.12.3.rel1.win32_1.0.200.202406191623/tools/bin/../lib/gcc/arm-none-eabi/12.3.1/../../../../arm-none-eabi/lib/thumb/v7e-m+fp/hard\libc_nano.a(libc_a-memchr.o)
                0x08000210                memchr
 .text          0x080002b0       0x30 C:/ST/STM32CubeIDE_1.16.1/STM32CubeIDE/plugins/com.st.stm32cube.ide.mcu.externaltools.gnu-tools-for-stm32.12.3.rel1.win32_1.0.200.202406191623/tools/bin/../lib/gcc/arm-none-eabi/12.3.1/thumb/v7e-m+fp/hard\libgcc.a(_aeabi_uldivmod.o)
                0x080002b0                __aeabi_uldivmod
 .text          0x080002e0      0x2bc C:/ST/STM32CubeIDE_1.16.1/STM32CubeIDE/plugins/com.st.stm32cube.ide.mcu.externaltools.gnu-tools-for-stm32.12.3.rel1.win32_1.0.200.202406191623/tools/bin/../lib/gcc/arm-none-eabi/12.3.1/thumb/v7e-m+fp/hard\libgcc.a(_udivmoddi4.o)
                0x080002e0                __udivmoddi4
 .text          0x0800059c        0x4 C:/ST/STM32CubeIDE_1.16.1/STM32CubeIDE/plugins/com.st.stm32cube.ide.mcu.externaltools.gnu-tools-for-stm32.12.3.rel1.win32_1.0.200.202406191623/tools/bin/../lib/gcc/arm-none-eabi/12.3.1/thumb/v7e-m+fp/hard\libgcc.a(_dvmd_tls.o)
                0x0800059c                __aeabi_idiv0
                0x0800059c                __aeabi_ldiv0
 *(.text*)
 .text.LedEffectStop
                0x080005a0       0x40 ./Core/Src/LedEffect.o
                0x080005a0                LedEffectStop
 .text.LedEffectStart
                0x080005e0       0x3c ./Core/Src/LedEffect.o
                0x080005e0                LedEffectStart
 .text.LedEffectAction1
                0x0800061c       0x44 ./Core/Src/LedEffect.o
                0x0800061c                LedEffectAction1
 .text.LedEffectAction2
                0x08000660       0x2c ./Core/Src/LedEffect.o
                0x08000660                LedEffectAction2
 .text.LedEffectAction3
                0x0800068c       0x38 ./Core/Src/LedEffect.o
                0x0800068c                LedEffectAction3
 .text.LedEffectAction4
                0x080006c4       0x38 ./Core/Src/LedEffect.o
                0x080006c4                LedEffectAction4
 .text.LedControl
                0x080006fc       0x54 ./Core/Src/LedEffect.o
                0x080006fc                LedControl
 .text.TurnOnEvenLed
                0x08000750       0x38 ./Core/Src/LedEffect.o
                0x08000750                TurnOnEvenLed
 .text.TurnOnOddLed
                0x08000788       0x38 ./Core/Src/LedEffect.o
                0x08000788                TurnOnOddLed
 .text.LedEffectCallBackFun
                0x080007c0       0x50 ./Core/Src/LedEffect.o
                0x080007c0                LedEffectCallBackFun
 .text.RTC_voidShowTimeDate
                0x08000810       0xd0 ./Core/Src/RTC.o
                0x08000810                RTC_voidShowTimeDate
 .text.RTC_ConfigTime
                0x080008e0       0x38 ./Core/Src/RTC.o
                0x080008e0                RTC_ConfigTime
 .text.RTC_u8IsRTCTimeCigValid
                0x08000918       0x3c ./Core/Src/RTC.o
                0x08000918                RTC_u8IsRTCTimeCigValid
 .text.MenuTask
                0x08000954       0xdc ./Core/Src/TaskHandlers.o
                0x08000954                MenuTask
 .text.CMDTask  0x08000a30       0x2e ./Core/Src/TaskHandlers.o
                0x08000a30                CMDTask
 *fill*         0x08000a5e        0x2 
 .text.proccessCMD
                0x08000a60       0x7c ./Core/Src/TaskHandlers.o
 .text.ExtractCommand
                0x08000adc       0x64 ./Core/Src/TaskHandlers.o
 .text.LedTask  0x08000b40      0x12c ./Core/Src/TaskHandlers.o
                0x08000b40                LedTask
 .text.RTCTask  0x08000c6c      0x3d8 ./Core/Src/TaskHandlers.o
                0x08000c6c                RTCTask
 .text.u8GetNumber
                0x08001044       0x50 ./Core/Src/TaskHandlers.o
                0x08001044                u8GetNumber
 .text.PrintTask
                0x08001094       0x40 ./Core/Src/TaskHandlers.o
                0x08001094                PrintTask
 .text.HAL_UART_RxCpltCallback
                0x080010d4       0x84 ./Core/Src/TaskHandlers.o
                0x080010d4                HAL_UART_RxCpltCallback
 .text.main     0x08001158      0x228 ./Core/Src/main.o
                0x08001158                main
 .text.SystemClock_Config
                0x08001380       0xc4 ./Core/Src/main.o
                0x08001380                SystemClock_Config
 .text.MX_RTC_Init
                0x08001444       0x4c ./Core/Src/main.o
 .text.MX_USART6_UART_Init
                0x08001490       0x54 ./Core/Src/main.o
 .text.MX_GPIO_Init
                0x080014e4       0x88 ./Core/Src/main.o
 .text.HAL_TIM_PeriodElapsedCallback
                0x0800156c       0x1e ./Core/Src/main.o
                0x0800156c                HAL_TIM_PeriodElapsedCallback
 .text.Error_Handler
                0x0800158a        0xc ./Core/Src/main.o
                0x0800158a                Error_Handler
 *fill*         0x08001596        0x2 
 .text.HAL_MspInit
                0x08001598       0x50 ./Core/Src/stm32f4xx_hal_msp.o
                0x08001598                HAL_MspInit
 .text.HAL_RTC_MspInit
                0x080015e8       0x58 ./Core/Src/stm32f4xx_hal_msp.o
                0x080015e8                HAL_RTC_MspInit
 .text.HAL_UART_MspInit
                0x08001640       0xa0 ./Core/Src/stm32f4xx_hal_msp.o
                0x08001640                HAL_UART_MspInit
 .text.HAL_InitTick
                0x080016e0       0xf8 ./Core/Src/stm32f4xx_hal_timebase_tim.o
                0x080016e0                HAL_InitTick
 .text.NMI_Handler
                0x080017d8        0x8 ./Core/Src/stm32f4xx_it.o
                0x080017d8                NMI_Handler
 .text.HardFault_Handler
                0x080017e0        0x8 ./Core/Src/stm32f4xx_it.o
                0x080017e0                HardFault_Handler
 .text.MemManage_Handler
                0x080017e8        0x8 ./Core/Src/stm32f4xx_it.o
                0x080017e8                MemManage_Handler
 .text.BusFault_Handler
                0x080017f0        0x8 ./Core/Src/stm32f4xx_it.o
                0x080017f0                BusFault_Handler
 .text.UsageFault_Handler
                0x080017f8        0x8 ./Core/Src/stm32f4xx_it.o
                0x080017f8                UsageFault_Handler
 .text.DebugMon_Handler
                0x08001800        0xe ./Core/Src/stm32f4xx_it.o
                0x08001800                DebugMon_Handler
 *fill*         0x0800180e        0x2 
 .text.TIM2_IRQHandler
                0x08001810       0x14 ./Core/Src/stm32f4xx_it.o
                0x08001810                TIM2_IRQHandler
 .text.USART6_IRQHandler
                0x08001824       0x14 ./Core/Src/stm32f4xx_it.o
                0x08001824                USART6_IRQHandler
 .text._sbrk    0x08001838       0x6c ./Core/Src/sysmem.o
                0x08001838                _sbrk
 .text.SystemInit
                0x080018a4       0x24 ./Core/Src/system_stm32f4xx.o
                0x080018a4                SystemInit
 .text.Reset_Handler
                0x080018c8       0x50 ./Core/Startup/startup_stm32f401rctx.o
                0x080018c8                Reset_Handler
 .text.Default_Handler
                0x08001918        0x2 ./Core/Startup/startup_stm32f401rctx.o
                0x08001918                RTC_Alarm_IRQHandler
                0x08001918                EXTI2_IRQHandler
                0x08001918                SPI4_IRQHandler
                0x08001918                TIM1_CC_IRQHandler
                0x08001918                DMA2_Stream5_IRQHandler
                0x08001918                DMA1_Stream5_IRQHandler
                0x08001918                PVD_IRQHandler
                0x08001918                SDIO_IRQHandler
                0x08001918                TAMP_STAMP_IRQHandler
                0x08001918                EXTI3_IRQHandler
                0x08001918                TIM1_UP_TIM10_IRQHandler
                0x08001918                I2C3_ER_IRQHandler
                0x08001918                EXTI0_IRQHandler
                0x08001918                I2C2_EV_IRQHandler
                0x08001918                DMA1_Stream2_IRQHandler
                0x08001918                FPU_IRQHandler
                0x08001918                DMA2_Stream2_IRQHandler
                0x08001918                SPI1_IRQHandler
                0x08001918                TIM1_BRK_TIM9_IRQHandler
                0x08001918                DMA2_Stream3_IRQHandler
                0x08001918                DMA2_Stream0_IRQHandler
                0x08001918                TIM4_IRQHandler
                0x08001918                I2C1_EV_IRQHandler
                0x08001918                DMA1_Stream6_IRQHandler
                0x08001918                DMA1_Stream1_IRQHandler
                0x08001918                TIM3_IRQHandler
                0x08001918                RCC_IRQHandler
                0x08001918                Default_Handler
                0x08001918                EXTI15_10_IRQHandler
                0x08001918                ADC_IRQHandler
                0x08001918                DMA1_Stream7_IRQHandler
                0x08001918                TIM5_IRQHandler
                0x08001918                DMA2_Stream7_IRQHandler
                0x08001918                I2C3_EV_IRQHandler
                0x08001918                EXTI9_5_IRQHandler
                0x08001918                RTC_WKUP_IRQHandler
                0x08001918                SPI2_IRQHandler
                0x08001918                DMA1_Stream0_IRQHandler
                0x08001918                EXTI4_IRQHandler
                0x08001918                WWDG_IRQHandler
                0x08001918                OTG_FS_WKUP_IRQHandler
                0x08001918                TIM1_TRG_COM_TIM11_IRQHandler
                0x08001918                EXTI1_IRQHandler
                0x08001918                USART2_IRQHandler
                0x08001918                I2C2_ER_IRQHandler
                0x08001918                DMA2_Stream1_IRQHandler
                0x08001918                FLASH_IRQHandler
                0x08001918                DMA2_Stream4_IRQHandler
                0x08001918                USART1_IRQHandler
                0x08001918                OTG_FS_IRQHandler
                0x08001918                SPI3_IRQHandler
                0x08001918                DMA1_Stream4_IRQHandler
                0x08001918                I2C1_ER_IRQHandler
                0x08001918                DMA2_Stream6_IRQHandler
                0x08001918                DMA1_Stream3_IRQHandler
 *fill*         0x0800191a        0x2 
 .text.HAL_Init
                0x0800191c       0x44 ./Drivers/STM32F4xx_HAL_Driver/Src/stm32f4xx_hal.o
                0x0800191c                HAL_Init
 .text.HAL_IncTick
                0x08001960       0x28 ./Drivers/STM32F4xx_HAL_Driver/Src/stm32f4xx_hal.o
                0x08001960                HAL_IncTick
 .text.HAL_GetTick
                0x08001988       0x18 ./Drivers/STM32F4xx_HAL_Driver/Src/stm32f4xx_hal.o
                0x08001988                HAL_GetTick
 .text.__NVIC_SetPriorityGrouping
                0x080019a0       0x48 ./Drivers/STM32F4xx_HAL_Driver/Src/stm32f4xx_hal_cortex.o
 .text.__NVIC_GetPriorityGrouping
                0x080019e8       0x1c ./Drivers/STM32F4xx_HAL_Driver/Src/stm32f4xx_hal_cortex.o
 .text.__NVIC_EnableIRQ
                0x08001a04       0x3c ./Drivers/STM32F4xx_HAL_Driver/Src/stm32f4xx_hal_cortex.o
 .text.__NVIC_SetPriority
                0x08001a40       0x54 ./Drivers/STM32F4xx_HAL_Driver/Src/stm32f4xx_hal_cortex.o
 .text.NVIC_EncodePriority
                0x08001a94       0x66 ./Drivers/STM32F4xx_HAL_Driver/Src/stm32f4xx_hal_cortex.o
 .text.HAL_NVIC_SetPriorityGrouping
                0x08001afa       0x16 ./Drivers/STM32F4xx_HAL_Driver/Src/stm32f4xx_hal_cortex.o
                0x08001afa                HAL_NVIC_SetPriorityGrouping
 .text.HAL_NVIC_SetPriority
                0x08001b10       0x38 ./Drivers/STM32F4xx_HAL_Driver/Src/stm32f4xx_hal_cortex.o
                0x08001b10                HAL_NVIC_SetPriority
 .text.HAL_NVIC_EnableIRQ
                0x08001b48       0x1c ./Drivers/STM32F4xx_HAL_Driver/Src/stm32f4xx_hal_cortex.o
                0x08001b48                HAL_NVIC_EnableIRQ
 .text.HAL_DMA_Abort
                0x08001b64       0xe0 ./Drivers/STM32F4xx_HAL_Driver/Src/stm32f4xx_hal_dma.o
                0x08001b64                HAL_DMA_Abort
 .text.HAL_DMA_Abort_IT
                0x08001c44       0x44 ./Drivers/STM32F4xx_HAL_Driver/Src/stm32f4xx_hal_dma.o
                0x08001c44                HAL_DMA_Abort_IT
 .text.HAL_GPIO_Init
                0x08001c88      0x308 ./Drivers/STM32F4xx_HAL_Driver/Src/stm32f4xx_hal_gpio.o
                0x08001c88                HAL_GPIO_Init
 .text.HAL_GPIO_WritePin
                0x08001f90       0x32 ./Drivers/STM32F4xx_HAL_Driver/Src/stm32f4xx_hal_gpio.o
                0x08001f90                HAL_GPIO_WritePin
 .text.HAL_GPIO_TogglePin
                0x08001fc2       0x34 ./Drivers/STM32F4xx_HAL_Driver/Src/stm32f4xx_hal_gpio.o
                0x08001fc2                HAL_GPIO_TogglePin
 *fill*         0x08001ff6        0x2 
 .text.HAL_RCC_OscConfig
                0x08001ff8      0x4f0 ./Drivers/STM32F4xx_HAL_Driver/Src/stm32f4xx_hal_rcc.o
                0x08001ff8                HAL_RCC_OscConfig
 .text.HAL_RCC_ClockConfig
                0x080024e8      0x1cc ./Drivers/STM32F4xx_HAL_Driver/Src/stm32f4xx_hal_rcc.o
                0x080024e8                HAL_RCC_ClockConfig
 .text.HAL_RCC_GetSysClockFreq
                0x080026b4      0x18c ./Drivers/STM32F4xx_HAL_Driver/Src/stm32f4xx_hal_rcc.o
                0x080026b4                HAL_RCC_GetSysClockFreq
 .text.HAL_RCC_GetHCLKFreq
                0x08002840       0x18 ./Drivers/STM32F4xx_HAL_Driver/Src/stm32f4xx_hal_rcc.o
                0x08002840                HAL_RCC_GetHCLKFreq
 .text.HAL_RCC_GetPCLK1Freq
                0x08002858       0x28 ./Drivers/STM32F4xx_HAL_Driver/Src/stm32f4xx_hal_rcc.o
                0x08002858                HAL_RCC_GetPCLK1Freq
 .text.HAL_RCC_GetPCLK2Freq
                0x08002880       0x28 ./Drivers/STM32F4xx_HAL_Driver/Src/stm32f4xx_hal_rcc.o
                0x08002880                HAL_RCC_GetPCLK2Freq
 .text.HAL_RCC_GetClockConfig
                0x080028a8       0x64 ./Drivers/STM32F4xx_HAL_Driver/Src/stm32f4xx_hal_rcc.o
                0x080028a8                HAL_RCC_GetClockConfig
 .text.HAL_RCCEx_PeriphCLKConfig
                0x0800290c      0x1dc ./Drivers/STM32F4xx_HAL_Driver/Src/stm32f4xx_hal_rcc_ex.o
                0x0800290c                HAL_RCCEx_PeriphCLKConfig
 .text.HAL_RTC_Init
                0x08002ae8      0x106 ./Drivers/STM32F4xx_HAL_Driver/Src/stm32f4xx_hal_rtc.o
                0x08002ae8                HAL_RTC_Init
 .text.HAL_RTC_SetTime
                0x08002bee      0x134 ./Drivers/STM32F4xx_HAL_Driver/Src/stm32f4xx_hal_rtc.o
                0x08002bee                HAL_RTC_SetTime
 .text.HAL_RTC_GetTime
                0x08002d22       0xbc ./Drivers/STM32F4xx_HAL_Driver/Src/stm32f4xx_hal_rtc.o
                0x08002d22                HAL_RTC_GetTime
 .text.HAL_RTC_GetDate
                0x08002dde       0x9e ./Drivers/STM32F4xx_HAL_Driver/Src/stm32f4xx_hal_rtc.o
                0x08002dde                HAL_RTC_GetDate
 .text.HAL_RTC_WaitForSynchro
                0x08002e7c       0x4c ./Drivers/STM32F4xx_HAL_Driver/Src/stm32f4xx_hal_rtc.o
                0x08002e7c                HAL_RTC_WaitForSynchro
 .text.RTC_EnterInitMode
                0x08002ec8       0x6e ./Drivers/STM32F4xx_HAL_Driver/Src/stm32f4xx_hal_rtc.o
                0x08002ec8                RTC_EnterInitMode
 .text.RTC_ExitInitMode
                0x08002f36       0x4a ./Drivers/STM32F4xx_HAL_Driver/Src/stm32f4xx_hal_rtc.o
                0x08002f36                RTC_ExitInitMode
 .text.RTC_ByteToBcd2
                0x08002f80       0x3c ./Drivers/STM32F4xx_HAL_Driver/Src/stm32f4xx_hal_rtc.o
                0x08002f80                RTC_ByteToBcd2
 .text.RTC_Bcd2ToByte
                0x08002fbc       0x3c ./Drivers/STM32F4xx_HAL_Driver/Src/stm32f4xx_hal_rtc.o
                0x08002fbc                RTC_Bcd2ToByte
 .text.HAL_TIM_Base_Init
                0x08002ff8       0x9e ./Drivers/STM32F4xx_HAL_Driver/Src/stm32f4xx_hal_tim.o
                0x08002ff8                HAL_TIM_Base_Init
 .text.HAL_TIM_Base_MspInit
                0x08003096       0x14 ./Drivers/STM32F4xx_HAL_Driver/Src/stm32f4xx_hal_tim.o
                0x08003096                HAL_TIM_Base_MspInit
 *fill*         0x080030aa        0x2 
 .text.HAL_TIM_Base_Start_IT
                0x080030ac       0xc4 ./Drivers/STM32F4xx_HAL_Driver/Src/stm32f4xx_hal_tim.o
                0x080030ac                HAL_TIM_Base_Start_IT
 .text.HAL_TIM_IRQHandler
                0x08003170      0x1e0 ./Drivers/STM32F4xx_HAL_Driver/Src/stm32f4xx_hal_tim.o
                0x08003170                HAL_TIM_IRQHandler
 .text.HAL_TIM_OC_DelayElapsedCallback
                0x08003350       0x14 ./Drivers/STM32F4xx_HAL_Driver/Src/stm32f4xx_hal_tim.o
                0x08003350                HAL_TIM_OC_DelayElapsedCallback
 .text.HAL_TIM_IC_CaptureCallback
                0x08003364       0x14 ./Drivers/STM32F4xx_HAL_Driver/Src/stm32f4xx_hal_tim.o
                0x08003364                HAL_TIM_IC_CaptureCallback
 .text.HAL_TIM_PWM_PulseFinishedCallback
                0x08003378       0x14 ./Drivers/STM32F4xx_HAL_Driver/Src/stm32f4xx_hal_tim.o
                0x08003378                HAL_TIM_PWM_PulseFinishedCallback
 .text.HAL_TIM_TriggerCallback
                0x0800338c       0x14 ./Drivers/STM32F4xx_HAL_Driver/Src/stm32f4xx_hal_tim.o
                0x0800338c                HAL_TIM_TriggerCallback
 .text.TIM_Base_SetConfig
                0x080033a0      0x118 ./Drivers/STM32F4xx_HAL_Driver/Src/stm32f4xx_hal_tim.o
                0x080033a0                TIM_Base_SetConfig
 .text.HAL_TIMEx_CommutCallback
                0x080034b8       0x14 ./Drivers/STM32F4xx_HAL_Driver/Src/stm32f4xx_hal_tim_ex.o
                0x080034b8                HAL_TIMEx_CommutCallback
 .text.HAL_TIMEx_BreakCallback
                0x080034cc       0x14 ./Drivers/STM32F4xx_HAL_Driver/Src/stm32f4xx_hal_tim_ex.o
                0x080034cc                HAL_TIMEx_BreakCallback
 .text.HAL_UART_Init
                0x080034e0       0xa0 ./Drivers/STM32F4xx_HAL_Driver/Src/stm32f4xx_hal_uart.o
                0x080034e0                HAL_UART_Init
 .text.HAL_UART_Transmit
                0x08003580      0x116 ./Drivers/STM32F4xx_HAL_Driver/Src/stm32f4xx_hal_uart.o
                0x08003580                HAL_UART_Transmit
 .text.HAL_UART_Receive_IT
                0x08003696       0x4a ./Drivers/STM32F4xx_HAL_Driver/Src/stm32f4xx_hal_uart.o
                0x08003696                HAL_UART_Receive_IT
 .text.HAL_UART_IRQHandler
                0x080036e0      0x524 ./Drivers/STM32F4xx_HAL_Driver/Src/stm32f4xx_hal_uart.o
                0x080036e0                HAL_UART_IRQHandler
 .text.HAL_UART_TxCpltCallback
                0x08003c04       0x14 ./Drivers/STM32F4xx_HAL_Driver/Src/stm32f4xx_hal_uart.o
                0x08003c04                HAL_UART_TxCpltCallback
 .text.HAL_UART_ErrorCallback
                0x08003c18       0x14 ./Drivers/STM32F4xx_HAL_Driver/Src/stm32f4xx_hal_uart.o
                0x08003c18                HAL_UART_ErrorCallback
 .text.HAL_UARTEx_RxEventCallback
                0x08003c2c       0x18 ./Drivers/STM32F4xx_HAL_Driver/Src/stm32f4xx_hal_uart.o
                0x08003c2c                HAL_UARTEx_RxEventCallback
 .text.UART_WaitOnFlagUntilTimeout
                0x08003c44       0xb2 ./Drivers/STM32F4xx_HAL_Driver/Src/stm32f4xx_hal_uart.o
 .text.UART_Start_Receive_IT
                0x08003cf6       0x74 ./Drivers/STM32F4xx_HAL_Driver/Src/stm32f4xx_hal_uart.o
                0x08003cf6                UART_Start_Receive_IT
 .text.UART_EndRxTransfer
                0x08003d6a       0xc6 ./Drivers/STM32F4xx_HAL_Driver/Src/stm32f4xx_hal_uart.o
 .text.UART_DMAAbortOnError
                0x08003e30       0x28 ./Drivers/STM32F4xx_HAL_Driver/Src/stm32f4xx_hal_uart.o
 .text.UART_Transmit_IT
                0x08003e58       0xa0 ./Drivers/STM32F4xx_HAL_Driver/Src/stm32f4xx_hal_uart.o
 .text.UART_EndTransmit_IT
                0x08003ef8       0x30 ./Drivers/STM32F4xx_HAL_Driver/Src/stm32f4xx_hal_uart.o
 .text.UART_Receive_IT
                0x08003f28      0x17c ./Drivers/STM32F4xx_HAL_Driver/Src/stm32f4xx_hal_uart.o
 .text.UART_SetConfig
                0x080040a4      0x4e8 ./Drivers/STM32F4xx_HAL_Driver/Src/stm32f4xx_hal_uart.o
 .text.vListInitialise
                0x0800458c       0x40 ./ThirdParty/FreeRTOS/list.o
                0x0800458c                vListInitialise
 .text.vListInitialiseItem
                0x080045cc       0x1a ./ThirdParty/FreeRTOS/list.o
                0x080045cc                vListInitialiseItem
 .text.vListInsertEnd
                0x080045e6       0x48 ./ThirdParty/FreeRTOS/list.o
                0x080045e6                vListInsertEnd
 .text.vListInsert
                0x0800462e       0x72 ./ThirdParty/FreeRTOS/list.o
                0x0800462e                vListInsert
 .text.uxListRemove
                0x080046a0       0x54 ./ThirdParty/FreeRTOS/list.o
                0x080046a0                uxListRemove
 .text.xQueueGenericReset
                0x080046f4      0x124 ./ThirdParty/FreeRTOS/queue.o
                0x080046f4                xQueueGenericReset
 .text.xQueueGenericCreate
                0x08004818       0x9e ./ThirdParty/FreeRTOS/queue.o
                0x08004818                xQueueGenericCreate
 .text.prvInitialiseNewQueue
                0x080048b6       0x46 ./ThirdParty/FreeRTOS/queue.o
 .text.xQueueGenericSend
                0x080048fc      0x204 ./ThirdParty/FreeRTOS/queue.o
                0x080048fc                xQueueGenericSend
 .text.xQueueGenericSendFromISR
                0x08004b00      0x16c ./ThirdParty/FreeRTOS/queue.o
                0x08004b00                xQueueGenericSendFromISR
 .text.xQueueReceive
                0x08004c6c      0x1c4 ./ThirdParty/FreeRTOS/queue.o
                0x08004c6c                xQueueReceive
 .text.uxQueueMessagesWaiting
                0x08004e30       0x3e ./ThirdParty/FreeRTOS/queue.o
                0x08004e30                uxQueueMessagesWaiting
 .text.prvCopyDataToQueue
                0x08004e6e       0xd4 ./ThirdParty/FreeRTOS/queue.o
 .text.prvCopyDataFromQueue
                0x08004f42       0x4c ./ThirdParty/FreeRTOS/queue.o
 .text.prvUnlockQueue
                0x08004f8e       0xa4 ./ThirdParty/FreeRTOS/queue.o
 .text.prvIsQueueEmpty
                0x08005032       0x2c ./ThirdParty/FreeRTOS/queue.o
 .text.prvIsQueueFull
                0x0800505e       0x30 ./ThirdParty/FreeRTOS/queue.o
 .text.xQueueIsQueueFullFromISR
                0x0800508e       0x4e ./ThirdParty/FreeRTOS/queue.o
                0x0800508e                xQueueIsQueueFullFromISR
 .text.vQueueAddToRegistry
                0x080050dc       0xa0 ./ThirdParty/FreeRTOS/queue.o
                0x080050dc                vQueueAddToRegistry
 .text.vQueueWaitForMessageRestricted
                0x0800517c       0x68 ./ThirdParty/FreeRTOS/queue.o
                0x0800517c                vQueueWaitForMessageRestricted
 .text.xTaskCreate
                0x080051e4       0x8c ./ThirdParty/FreeRTOS/tasks.o
                0x080051e4                xTaskCreate
 .text.prvInitialiseNewTask
                0x08005270      0x120 ./ThirdParty/FreeRTOS/tasks.o
 .text.prvAddNewTaskToReadyList
                0x08005390      0x12c ./ThirdParty/FreeRTOS/tasks.o
 .text.vTaskStartScheduler
                0x080054bc       0xa4 ./ThirdParty/FreeRTOS/tasks.o
                0x080054bc                vTaskStartScheduler
 .text.vTaskSuspendAll
                0x08005560       0x1c ./ThirdParty/FreeRTOS/tasks.o
                0x08005560                vTaskSuspendAll
 .text.xTaskResumeAll
                0x0800557c      0x1f8 ./ThirdParty/FreeRTOS/tasks.o
                0x0800557c                xTaskResumeAll
 .text.xTaskGetTickCount
                0x08005774       0x20 ./ThirdParty/FreeRTOS/tasks.o
                0x08005774                xTaskGetTickCount
 .text.uxTaskGetNumberOfTasks
                0x08005794       0x18 ./ThirdParty/FreeRTOS/tasks.o
                0x08005794                uxTaskGetNumberOfTasks
 .text.xTaskIncrementTick
                0x080057ac      0x230 ./ThirdParty/FreeRTOS/tasks.o
                0x080057ac                xTaskIncrementTick
 .text.vTaskSwitchContext
                0x080059dc       0xb8 ./ThirdParty/FreeRTOS/tasks.o
                0x080059dc                vTaskSwitchContext
 .text.vTaskPlaceOnEventList
                0x08005a94       0x4c ./ThirdParty/FreeRTOS/tasks.o
                0x08005a94                vTaskPlaceOnEventList
 .text.vTaskPlaceOnEventListRestricted
                0x08005ae0       0x8c ./ThirdParty/FreeRTOS/tasks.o
                0x08005ae0                vTaskPlaceOnEventListRestricted
 .text.xTaskRemoveFromEventList
                0x08005b6c      0x1b0 ./ThirdParty/FreeRTOS/tasks.o
                0x08005b6c                xTaskRemoveFromEventList
 .text.vTaskInternalSetTimeOutState
                0x08005d1c       0x2c ./ThirdParty/FreeRTOS/tasks.o
                0x08005d1c                vTaskInternalSetTimeOutState
 .text.xTaskCheckForTimeOut
                0x08005d48       0xd0 ./ThirdParty/FreeRTOS/tasks.o
                0x08005d48                xTaskCheckForTimeOut
 .text.vTaskMissedYield
                0x08005e18       0x18 ./ThirdParty/FreeRTOS/tasks.o
                0x08005e18                vTaskMissedYield
 .text.prvIdleTask
                0x08005e30       0x30 ./ThirdParty/FreeRTOS/tasks.o
 .text.prvInitialiseTaskLists
                0x08005e60       0x80 ./ThirdParty/FreeRTOS/tasks.o
 .text.prvCheckTasksWaitingTermination
                0x08005ee0       0x5c ./ThirdParty/FreeRTOS/tasks.o
 .text.prvDeleteTCB
                0x08005f3c       0x20 ./ThirdParty/FreeRTOS/tasks.o
 .text.prvResetNextTaskUnblockTime
                0x08005f5c       0x38 ./ThirdParty/FreeRTOS/tasks.o
 .text.xTaskGetSchedulerState
                0x08005f94       0x3c ./ThirdParty/FreeRTOS/tasks.o
                0x08005f94                xTaskGetSchedulerState
 .text.xTaskPriorityDisinherit
                0x08005fd0       0xf8 ./ThirdParty/FreeRTOS/tasks.o
                0x08005fd0                xTaskPriorityDisinherit
 .text.xTaskGenericNotifyWait
                0x080060c8      0x100 ./ThirdParty/FreeRTOS/tasks.o
                0x080060c8                xTaskGenericNotifyWait
 .text.xTaskGenericNotify
                0x080061c8      0x24c ./ThirdParty/FreeRTOS/tasks.o
                0x080061c8                xTaskGenericNotify
 .text.xTaskGenericNotifyFromISR
                0x08006414      0x2c0 ./ThirdParty/FreeRTOS/tasks.o
                0x08006414                xTaskGenericNotifyFromISR
 .text.prvAddCurrentTaskToDelayedList
                0x080066d4      0x100 ./ThirdParty/FreeRTOS/tasks.o
 .text.xTimerCreateTimerTask
                0x080067d4       0x64 ./ThirdParty/FreeRTOS/timers.o
                0x080067d4                xTimerCreateTimerTask
 .text.xTimerCreate
                0x08006838       0x42 ./ThirdParty/FreeRTOS/timers.o
                0x08006838                xTimerCreate
 .text.prvInitialiseNewTimer
                0x0800687a       0x72 ./ThirdParty/FreeRTOS/timers.o
 .text.xTimerGenericCommand
                0x080068ec       0x9c ./ThirdParty/FreeRTOS/timers.o
                0x080068ec                xTimerGenericCommand
 .text.prvReloadTimer
                0x08006988       0x42 ./ThirdParty/FreeRTOS/timers.o
 *fill*         0x080069ca        0x2 
 .text.prvProcessExpiredTimer
                0x080069cc       0x60 ./ThirdParty/FreeRTOS/timers.o
 .text.prvTimerTask
                0x08006a2c       0x26 ./ThirdParty/FreeRTOS/timers.o
 *fill*         0x08006a52        0x2 
 .text.prvProcessTimerOrBlockTask
                0x08006a54       0x9c ./ThirdParty/FreeRTOS/timers.o
 .text.prvGetNextExpireTime
                0x08006af0       0x48 ./ThirdParty/FreeRTOS/timers.o
 .text.prvSampleTimeNow
                0x08006b38       0x40 ./ThirdParty/FreeRTOS/timers.o
 .text.prvInsertTimerInActiveList
                0x08006b78       0x84 ./ThirdParty/FreeRTOS/timers.o
 .text.prvProcessReceivedCommands
                0x08006bfc      0x184 ./ThirdParty/FreeRTOS/timers.o
 .text.prvSwitchTimerLists
                0x08006d80       0x4c ./ThirdParty/FreeRTOS/timers.o
 .text.prvCheckForValidListAndQueue
                0x08006dcc       0x6c ./ThirdParty/FreeRTOS/timers.o
 .text.pvTimerGetTimerID
                0x08006e38       0x42 ./ThirdParty/FreeRTOS/timers.o
                0x08006e38                pvTimerGetTimerID
 *fill*         0x08006e7a        0x2 
 .text.pxPortInitialiseStack
                0x08006e7c       0x68 ./ThirdParty/FreeRTOS/portable/GCC/ARM_CM4F/port.o
                0x08006e7c                pxPortInitialiseStack
 .text.prvTaskExitError
                0x08006ee4       0x5c ./ThirdParty/FreeRTOS/portable/GCC/ARM_CM4F/port.o
 .text.SVC_Handler
                0x08006f40       0x28 ./ThirdParty/FreeRTOS/portable/GCC/ARM_CM4F/port.o
                0x08006f40                SVC_Handler
 .text.prvPortStartFirstTask
                0x08006f68       0x2c ./ThirdParty/FreeRTOS/portable/GCC/ARM_CM4F/port.o
 .text.xPortStartScheduler
                0x08006f94      0x148 ./ThirdParty/FreeRTOS/portable/GCC/ARM_CM4F/port.o
                0x08006f94                xPortStartScheduler
 .text.vPortEnterCritical
                0x080070dc       0x64 ./ThirdParty/FreeRTOS/portable/GCC/ARM_CM4F/port.o
                0x080070dc                vPortEnterCritical
 .text.vPortExitCritical
                0x08007140       0x54 ./ThirdParty/FreeRTOS/portable/GCC/ARM_CM4F/port.o
                0x08007140                vPortExitCritical
 *fill*         0x08007194        0xc 
 .text.PendSV_Handler
                0x080071a0       0x68 ./ThirdParty/FreeRTOS/portable/GCC/ARM_CM4F/port.o
                0x080071a0                PendSV_Handler
 .text.SysTick_Handler
                0x08007208       0x44 ./ThirdParty/FreeRTOS/portable/GCC/ARM_CM4F/port.o
                0x08007208                SysTick_Handler
 .text.vPortSetupTimerInterrupt
                0x0800724c       0x48 ./ThirdParty/FreeRTOS/portable/GCC/ARM_CM4F/port.o
                0x0800724c                vPortSetupTimerInterrupt
 .text.vPortEnableVFP
                0x08007294       0x18 ./ThirdParty/FreeRTOS/portable/GCC/ARM_CM4F/port.o
 .text.vPortValidateInterruptPriority
                0x080072ac       0x84 ./ThirdParty/FreeRTOS/portable/GCC/ARM_CM4F/port.o
                0x080072ac                vPortValidateInterruptPriority
 .text.pvPortMalloc
                0x08007330      0x178 ./ThirdParty/FreeRTOS/portable/MemMang/heap_4.o
                0x08007330                pvPortMalloc
 .text.vPortFree
                0x080074a8       0xbc ./ThirdParty/FreeRTOS/portable/MemMang/heap_4.o
                0x080074a8                vPortFree
 .text.prvHeapInit
                0x08007564       0xb8 ./ThirdParty/FreeRTOS/portable/MemMang/heap_4.o
 .text.prvInsertBlockIntoFreeList
                0x0800761c       0xb4 ./ThirdParty/FreeRTOS/portable/MemMang/heap_4.o
 .text.sprintf  0x080076d0       0x40 C:/ST/STM32CubeIDE_1.16.1/STM32CubeIDE/plugins/com.st.stm32cube.ide.mcu.externaltools.gnu-tools-for-stm32.12.3.rel1.win32_1.0.200.202406191623/tools/bin/../lib/gcc/arm-none-eabi/12.3.1/../../../../arm-none-eabi/lib/thumb/v7e-m+fp/hard\libc_nano.a(libc_a-sprintf.o)
                0x080076d0                siprintf
                0x080076d0                sprintf
 .text.memset   0x08007710       0x10 C:/ST/STM32CubeIDE_1.16.1/STM32CubeIDE/plugins/com.st.stm32cube.ide.mcu.externaltools.gnu-tools-for-stm32.12.3.rel1.win32_1.0.200.202406191623/tools/bin/../lib/gcc/arm-none-eabi/12.3.1/../../../../arm-none-eabi/lib/thumb/v7e-m+fp/hard\libc_nano.a(libc_a-memset.o)
                0x08007710                memset
 .text.__errno  0x08007720        0xc C:/ST/STM32CubeIDE_1.16.1/STM32CubeIDE/plugins/com.st.stm32cube.ide.mcu.externaltools.gnu-tools-for-stm32.12.3.rel1.win32_1.0.200.202406191623/tools/bin/../lib/gcc/arm-none-eabi/12.3.1/../../../../arm-none-eabi/lib/thumb/v7e-m+fp/hard\libc_nano.a(libc_a-errno.o)
                0x08007720                __errno
 .text.__libc_init_array
                0x0800772c       0x48 C:/ST/STM32CubeIDE_1.16.1/STM32CubeIDE/plugins/com.st.stm32cube.ide.mcu.externaltools.gnu-tools-for-stm32.12.3.rel1.win32_1.0.200.202406191623/tools/bin/../lib/gcc/arm-none-eabi/12.3.1/../../../../arm-none-eabi/lib/thumb/v7e-m+fp/hard\libc_nano.a(libc_a-init.o)
                0x0800772c                __libc_init_array
 .text.__retarget_lock_acquire_recursive
                0x08007774        0x2 C:/ST/STM32CubeIDE_1.16.1/STM32CubeIDE/plugins/com.st.stm32cube.ide.mcu.externaltools.gnu-tools-for-stm32.12.3.rel1.win32_1.0.200.202406191623/tools/bin/../lib/gcc/arm-none-eabi/12.3.1/../../../../arm-none-eabi/lib/thumb/v7e-m+fp/hard\libc_nano.a(libc_a-lock.o)
                0x08007774                __retarget_lock_acquire_recursive
 .text.__retarget_lock_release_recursive
                0x08007776        0x2 C:/ST/STM32CubeIDE_1.16.1/STM32CubeIDE/plugins/com.st.stm32cube.ide.mcu.externaltools.gnu-tools-for-stm32.12.3.rel1.win32_1.0.200.202406191623/tools/bin/../lib/gcc/arm-none-eabi/12.3.1/../../../../arm-none-eabi/lib/thumb/v7e-m+fp/hard\libc_nano.a(libc_a-lock.o)
                0x08007776                __retarget_lock_release_recursive
 .text.memcpy   0x08007778       0x1c C:/ST/STM32CubeIDE_1.16.1/STM32CubeIDE/plugins/com.st.stm32cube.ide.mcu.externaltools.gnu-tools-for-stm32.12.3.rel1.win32_1.0.200.202406191623/tools/bin/../lib/gcc/arm-none-eabi/12.3.1/../../../../arm-none-eabi/lib/thumb/v7e-m+fp/hard\libc_nano.a(libc_a-memcpy-stub.o)
                0x08007778                memcpy
 .text._free_r  0x08007794       0x94 C:/ST/STM32CubeIDE_1.16.1/STM32CubeIDE/plugins/com.st.stm32cube.ide.mcu.externaltools.gnu-tools-for-stm32.12.3.rel1.win32_1.0.200.202406191623/tools/bin/../lib/gcc/arm-none-eabi/12.3.1/../../../../arm-none-eabi/lib/thumb/v7e-m+fp/hard\libc_nano.a(libc_a-freer.o)
                0x08007794                _free_r
 .text.sbrk_aligned
                0x08007828       0x44 C:/ST/STM32CubeIDE_1.16.1/STM32CubeIDE/plugins/com.st.stm32cube.ide.mcu.externaltools.gnu-tools-for-stm32.12.3.rel1.win32_1.0.200.202406191623/tools/bin/../lib/gcc/arm-none-eabi/12.3.1/../../../../arm-none-eabi/lib/thumb/v7e-m+fp/hard\libc_nano.a(libc_a-mallocr.o)
 .text._malloc_r
                0x0800786c      0x100 C:/ST/STM32CubeIDE_1.16.1/STM32CubeIDE/plugins/com.st.stm32cube.ide.mcu.externaltools.gnu-tools-for-stm32.12.3.rel1.win32_1.0.200.202406191623/tools/bin/../lib/gcc/arm-none-eabi/12.3.1/../../../../arm-none-eabi/lib/thumb/v7e-m+fp/hard\libc_nano.a(libc_a-mallocr.o)
                0x0800786c                _malloc_r
 .text.__malloc_lock
                0x0800796c        0xc C:/ST/STM32CubeIDE_1.16.1/STM32CubeIDE/plugins/com.st.stm32cube.ide.mcu.externaltools.gnu-tools-for-stm32.12.3.rel1.win32_1.0.200.202406191623/tools/bin/../lib/gcc/arm-none-eabi/12.3.1/../../../../arm-none-eabi/lib/thumb/v7e-m+fp/hard\libc_nano.a(libc_a-mlock.o)
                0x0800796c                __malloc_lock
 .text.__malloc_unlock
                0x08007978        0xc C:/ST/STM32CubeIDE_1.16.1/STM32CubeIDE/plugins/com.st.stm32cube.ide.mcu.externaltools.gnu-tools-for-stm32.12.3.rel1.win32_1.0.200.202406191623/tools/bin/../lib/gcc/arm-none-eabi/12.3.1/../../../../arm-none-eabi/lib/thumb/v7e-m+fp/hard\libc_nano.a(libc_a-mlock.o)
                0x08007978                __malloc_unlock
 .text.__ssputs_r
                0x08007984       0xb6 C:/ST/STM32CubeIDE_1.16.1/STM32CubeIDE/plugins/com.st.stm32cube.ide.mcu.externaltools.gnu-tools-for-stm32.12.3.rel1.win32_1.0.200.202406191623/tools/bin/../lib/gcc/arm-none-eabi/12.3.1/../../../../arm-none-eabi/lib/thumb/v7e-m+fp/hard\libc_nano.a(libc_a-nano-svfprintf.o)
                0x08007984                __ssputs_r
 *fill*         0x08007a3a        0x2 
 .text._svfprintf_r
                0x08007a3c      0x1f8 C:/ST/STM32CubeIDE_1.16.1/STM32CubeIDE/plugins/com.st.stm32cube.ide.mcu.externaltools.gnu-tools-for-stm32.12.3.rel1.win32_1.0.200.202406191623/tools/bin/../lib/gcc/arm-none-eabi/12.3.1/../../../../arm-none-eabi/lib/thumb/v7e-m+fp/hard\libc_nano.a(libc_a-nano-svfprintf.o)
                0x08007a3c                _svfiprintf_r
                0x08007a3c                _svfprintf_r
 .text._printf_common
                0x08007c34       0xda C:/ST/STM32CubeIDE_1.16.1/STM32CubeIDE/plugins/com.st.stm32cube.ide.mcu.externaltools.gnu-tools-for-stm32.12.3.rel1.win32_1.0.200.202406191623/tools/bin/../lib/gcc/arm-none-eabi/12.3.1/../../../../arm-none-eabi/lib/thumb/v7e-m+fp/hard\libc_nano.a(libc_a-nano-vfprintf_i.o)
                0x08007c34                _printf_common
 *fill*         0x08007d0e        0x2 
 .text._printf_i
                0x08007d10      0x240 C:/ST/STM32CubeIDE_1.16.1/STM32CubeIDE/plugins/com.st.stm32cube.ide.mcu.externaltools.gnu-tools-for-stm32.12.3.rel1.win32_1.0.200.202406191623/tools/bin/../lib/gcc/arm-none-eabi/12.3.1/../../../../arm-none-eabi/lib/thumb/v7e-m+fp/hard\libc_nano.a(libc_a-nano-vfprintf_i.o)
                0x08007d10                _printf_i
 .text.memmove  0x08007f50       0x34 C:/ST/STM32CubeIDE_1.16.1/STM32CubeIDE/plugins/com.st.stm32cube.ide.mcu.externaltools.gnu-tools-for-stm32.12.3.rel1.win32_1.0.200.202406191623/tools/bin/../lib/gcc/arm-none-eabi/12.3.1/../../../../arm-none-eabi/lib/thumb/v7e-m+fp/hard\libc_nano.a(libc_a-memmove.o)
                0x08007f50                memmove
 .text._sbrk_r  0x08007f84       0x20 C:/ST/STM32CubeIDE_1.16.1/STM32CubeIDE/plugins/com.st.stm32cube.ide.mcu.externaltools.gnu-tools-for-stm32.12.3.rel1.win32_1.0.200.202406191623/tools/bin/../lib/gcc/arm-none-eabi/12.3.1/../../../../arm-none-eabi/lib/thumb/v7e-m+fp/hard\libc_nano.a(libc_a-sbrkr.o)
                0x08007f84                _sbrk_r
 .text._realloc_r
                0x08007fa4       0x5c C:/ST/STM32CubeIDE_1.16.1/STM32CubeIDE/plugins/com.st.stm32cube.ide.mcu.externaltools.gnu-tools-for-stm32.12.3.rel1.win32_1.0.200.202406191623/tools/bin/../lib/gcc/arm-none-eabi/12.3.1/../../../../arm-none-eabi/lib/thumb/v7e-m+fp/hard\libc_nano.a(libc_a-reallocr.o)
                0x08007fa4                _realloc_r
 .text._malloc_usable_size_r
                0x08008000       0x10 C:/ST/STM32CubeIDE_1.16.1/STM32CubeIDE/plugins/com.st.stm32cube.ide.mcu.externaltools.gnu-tools-for-stm32.12.3.rel1.win32_1.0.200.202406191623/tools/bin/../lib/gcc/arm-none-eabi/12.3.1/../../../../arm-none-eabi/lib/thumb/v7e-m+fp/hard\libc_nano.a(libc_a-msizer.o)
                0x08008000                _malloc_usable_size_r
 *(.glue_7)
 .glue_7        0x08008010        0x0 linker stubs
 *(.glue_7t)
 .glue_7t       0x08008010        0x0 linker stubs
 *(.eh_frame)
 .eh_frame      0x08008010        0x0 C:/ST/STM32CubeIDE_1.16.1/STM32CubeIDE/plugins/com.st.stm32cube.ide.mcu.externaltools.gnu-tools-for-stm32.12.3.rel1.win32_1.0.200.202406191623/tools/bin/../lib/gcc/arm-none-eabi/12.3.1/thumb/v7e-m+fp/hard/crtbegin.o
 *(.init)
 .init          0x08008010        0x4 C:/ST/STM32CubeIDE_1.16.1/STM32CubeIDE/plugins/com.st.stm32cube.ide.mcu.externaltools.gnu-tools-for-stm32.12.3.rel1.win32_1.0.200.202406191623/tools/bin/../lib/gcc/arm-none-eabi/12.3.1/thumb/v7e-m+fp/hard/crti.o
                0x08008010                _init
 .init          0x08008014        0x8 C:/ST/STM32CubeIDE_1.16.1/STM32CubeIDE/plugins/com.st.stm32cube.ide.mcu.externaltools.gnu-tools-for-stm32.12.3.rel1.win32_1.0.200.202406191623/tools/bin/../lib/gcc/arm-none-eabi/12.3.1/thumb/v7e-m+fp/hard/crtn.o
 *(.fini)
 .fini          0x0800801c        0x4 C:/ST/STM32CubeIDE_1.16.1/STM32CubeIDE/plugins/com.st.stm32cube.ide.mcu.externaltools.gnu-tools-for-stm32.12.3.rel1.win32_1.0.200.202406191623/tools/bin/../lib/gcc/arm-none-eabi/12.3.1/thumb/v7e-m+fp/hard/crti.o
                0x0800801c                _fini
 .fini          0x08008020        0x8 C:/ST/STM32CubeIDE_1.16.1/STM32CubeIDE/plugins/com.st.stm32cube.ide.mcu.externaltools.gnu-tools-for-stm32.12.3.rel1.win32_1.0.200.202406191623/tools/bin/../lib/gcc/arm-none-eabi/12.3.1/thumb/v7e-m+fp/hard/crtn.o
                0x08008028                        . = ALIGN (0x4)
                0x08008028                        _etext = .

.vfp11_veneer   0x08008028        0x0
 .vfp11_veneer  0x08008028        0x0 linker stubs

.v4_bx          0x08008028        0x0
 .v4_bx         0x08008028        0x0 linker stubs

.iplt           0x08008028        0x0
 .iplt          0x08008028        0x0 C:/ST/STM32CubeIDE_1.16.1/STM32CubeIDE/plugins/com.st.stm32cube.ide.mcu.externaltools.gnu-tools-for-stm32.12.3.rel1.win32_1.0.200.202406191623/tools/bin/../lib/gcc/arm-none-eabi/12.3.1/thumb/v7e-m+fp/hard/crtbegin.o

.rodata         0x08008028      0x52c
                0x08008028                        . = ALIGN (0x4)
 *(.rodata)
 .rodata        0x08008028       0x61 ./Core/Src/RTC.o
 *fill*         0x08008089        0x3 
 .rodata        0x0800808c      0x427 ./Core/Src/TaskHandlers.o
 *fill*         0x080084b3        0x1 
 .rodata        0x080084b4       0x39 ./Core/Src/main.o
 *fill*         0x080084ed        0x3 
 .rodata        0x080084f0        0x5 ./ThirdParty/FreeRTOS/tasks.o
 *fill*         0x080084f5        0x3 
 .rodata        0x080084f8        0xd ./ThirdParty/FreeRTOS/timers.o
 *(.rodata*)
 *fill*         0x08008505        0x3 
 .rodata.AHBPrescTable
                0x08008508       0x10 ./Core/Src/system_stm32f4xx.o
                0x08008508                AHBPrescTable
 .rodata.APBPrescTable
                0x08008518        0x8 ./Core/Src/system_stm32f4xx.o
                0x08008518                APBPrescTable
 .rodata._svfprintf_r.str1.1
                0x08008520       0x11 C:/ST/STM32CubeIDE_1.16.1/STM32CubeIDE/plugins/com.st.stm32cube.ide.mcu.externaltools.gnu-tools-for-stm32.12.3.rel1.win32_1.0.200.202406191623/tools/bin/../lib/gcc/arm-none-eabi/12.3.1/../../../../arm-none-eabi/lib/thumb/v7e-m+fp/hard\libc_nano.a(libc_a-nano-svfprintf.o)
 .rodata._printf_i.str1.1
                0x08008531       0x22 C:/ST/STM32CubeIDE_1.16.1/STM32CubeIDE/plugins/com.st.stm32cube.ide.mcu.externaltools.gnu-tools-for-stm32.12.3.rel1.win32_1.0.200.202406191623/tools/bin/../lib/gcc/arm-none-eabi/12.3.1/../../../../arm-none-eabi/lib/thumb/v7e-m+fp/hard\libc_nano.a(libc_a-nano-vfprintf_i.o)
                0x08008554                        . = ALIGN (0x4)
 *fill*         0x08008553        0x1 

.ARM.extab      0x08008554        0x0
                0x08008554                        . = ALIGN (0x4)
 *(.ARM.extab* .gnu.linkonce.armextab.*)
                0x08008554                        . = ALIGN (0x4)

.ARM            0x08008554        0x8
                0x08008554                        . = ALIGN (0x4)
                0x08008554                        __exidx_start = .
 *(.ARM.exidx*)
 .ARM.exidx     0x08008554        0x8 C:/ST/STM32CubeIDE_1.16.1/STM32CubeIDE/plugins/com.st.stm32cube.ide.mcu.externaltools.gnu-tools-for-stm32.12.3.rel1.win32_1.0.200.202406191623/tools/bin/../lib/gcc/arm-none-eabi/12.3.1/../../../../arm-none-eabi/lib/thumb/v7e-m+fp/hard\libc_nano.a(libc_a-strcmp.o)
 .ARM.exidx     0x0800855c        0x0 C:/ST/STM32CubeIDE_1.16.1/STM32CubeIDE/plugins/com.st.stm32cube.ide.mcu.externaltools.gnu-tools-for-stm32.12.3.rel1.win32_1.0.200.202406191623/tools/bin/../lib/gcc/arm-none-eabi/12.3.1/../../../../arm-none-eabi/lib/thumb/v7e-m+fp/hard\libc_nano.a(libc_a-strlen.o)
                                  0x8 (size before relaxing)
 .ARM.exidx     0x0800855c        0x0 C:/ST/STM32CubeIDE_1.16.1/STM32CubeIDE/plugins/com.st.stm32cube.ide.mcu.externaltools.gnu-tools-for-stm32.12.3.rel1.win32_1.0.200.202406191623/tools/bin/../lib/gcc/arm-none-eabi/12.3.1/../../../../arm-none-eabi/lib/thumb/v7e-m+fp/hard\libc_nano.a(libc_a-memchr.o)
                                  0x8 (size before relaxing)
 .ARM.exidx     0x0800855c        0x0 C:/ST/STM32CubeIDE_1.16.1/STM32CubeIDE/plugins/com.st.stm32cube.ide.mcu.externaltools.gnu-tools-for-stm32.12.3.rel1.win32_1.0.200.202406191623/tools/bin/../lib/gcc/arm-none-eabi/12.3.1/thumb/v7e-m+fp/hard\libgcc.a(_udivmoddi4.o)
                                  0x8 (size before relaxing)
                0x0800855c                        __exidx_end = .
                0x0800855c                        . = ALIGN (0x4)

.preinit_array  0x0800855c        0x0
                0x0800855c                        . = ALIGN (0x4)
                0x0800855c                        PROVIDE (__preinit_array_start = .)
 *(.preinit_array*)
                0x0800855c                        PROVIDE (__preinit_array_end = .)
                0x0800855c                        . = ALIGN (0x4)

.init_array     0x0800855c        0x4
                0x0800855c                        . = ALIGN (0x4)
                0x0800855c                        PROVIDE (__init_array_start = .)
 *(SORT_BY_NAME(.init_array.*))
 *(.init_array*)
 .init_array    0x0800855c        0x4 C:/ST/STM32CubeIDE_1.16.1/STM32CubeIDE/plugins/com.st.stm32cube.ide.mcu.externaltools.gnu-tools-for-stm32.12.3.rel1.win32_1.0.200.202406191623/tools/bin/../lib/gcc/arm-none-eabi/12.3.1/thumb/v7e-m+fp/hard/crtbegin.o
                0x08008560                        PROVIDE (__init_array_end = .)
                0x08008560                        . = ALIGN (0x4)

.fini_array     0x08008560        0x4
                0x08008560                        . = ALIGN (0x4)
                [!provide]                        PROVIDE (__fini_array_start = .)
 *(SORT_BY_NAME(.fini_array.*))
 *(.fini_array*)
 .fini_array    0x08008560        0x4 C:/ST/STM32CubeIDE_1.16.1/STM32CubeIDE/plugins/com.st.stm32cube.ide.mcu.externaltools.gnu-tools-for-stm32.12.3.rel1.win32_1.0.200.202406191623/tools/bin/../lib/gcc/arm-none-eabi/12.3.1/thumb/v7e-m+fp/hard/crtbegin.o
                [!provide]                        PROVIDE (__fini_array_end = .)
                0x08008564                        . = ALIGN (0x4)
                0x08008564                        _sidata = LOADADDR (.data)

.rel.dyn        0x08008564        0x0
 .rel.iplt      0x08008564        0x0 C:/ST/STM32CubeIDE_1.16.1/STM32CubeIDE/plugins/com.st.stm32cube.ide.mcu.externaltools.gnu-tools-for-stm32.12.3.rel1.win32_1.0.200.202406191623/tools/bin/../lib/gcc/arm-none-eabi/12.3.1/thumb/v7e-m+fp/hard/crtbegin.o

.data           0x20000000       0x80 load address 0x08008564
                0x20000000                        . = ALIGN (0x4)
                0x20000000                        _sdata = .
 *(.data)
 *(.data*)
 .data.LEDPort  0x20000000       0x10 ./Core/Src/LedEffect.o
                0x20000000                LEDPort
 .data.LEDPin   0x20000010        0x8 ./Core/Src/LedEffect.o
                0x20000010                LEDPin
 .data.MsgInvaild
                0x20000018        0x4 ./Core/Src/TaskHandlers.o
                0x20000018                MsgInvaild
 .data.SystemCoreClock
                0x2000001c        0x4 ./Core/Src/system_stm32f4xx.o
                0x2000001c                SystemCoreClock
 .data.uwTickPrio
                0x20000020        0x4 ./Drivers/STM32F4xx_HAL_Driver/Src/stm32f4xx_hal.o
                0x20000020                uwTickPrio
 .data.uwTickFreq
                0x20000024        0x1 ./Drivers/STM32F4xx_HAL_Driver/Src/stm32f4xx_hal.o
                0x20000024                uwTickFreq
 *fill*         0x20000025        0x3 
 .data.uxTopUsedPriority
                0x20000028        0x4 ./ThirdParty/FreeRTOS/tasks.o
                0x20000028                uxTopUsedPriority
 .data.uxCriticalNesting
                0x2000002c        0x4 ./ThirdParty/FreeRTOS/portable/GCC/ARM_CM4F/port.o
 .data._impure_ptr
                0x20000030        0x4 C:/ST/STM32CubeIDE_1.16.1/STM32CubeIDE/plugins/com.st.stm32cube.ide.mcu.externaltools.gnu-tools-for-stm32.12.3.rel1.win32_1.0.200.202406191623/tools/bin/../lib/gcc/arm-none-eabi/12.3.1/../../../../arm-none-eabi/lib/thumb/v7e-m+fp/hard\libc_nano.a(libc_a-impure.o)
                0x20000030                _impure_ptr
 .data._impure_data
                0x20000034       0x4c C:/ST/STM32CubeIDE_1.16.1/STM32CubeIDE/plugins/com.st.stm32cube.ide.mcu.externaltools.gnu-tools-for-stm32.12.3.rel1.win32_1.0.200.202406191623/tools/bin/../lib/gcc/arm-none-eabi/12.3.1/../../../../arm-none-eabi/lib/thumb/v7e-m+fp/hard\libc_nano.a(libc_a-impure.o)
                0x20000034                _impure_data
 *(.RamFunc)
 *(.RamFunc*)
                0x20000080                        . = ALIGN (0x4)
                0x20000080                        _edata = .

.igot.plt       0x20000080        0x0 load address 0x080085e4
 .igot.plt      0x20000080        0x0 C:/ST/STM32CubeIDE_1.16.1/STM32CubeIDE/plugins/com.st.stm32cube.ide.mcu.externaltools.gnu-tools-for-stm32.12.3.rel1.win32_1.0.200.202406191623/tools/bin/../lib/gcc/arm-none-eabi/12.3.1/thumb/v7e-m+fp/hard/crtbegin.o
                0x20000080                        . = ALIGN (0x4)

.bss            0x20000080     0x5428 load address 0x080085e4
                0x20000080                        _sbss = .
                0x20000080                        __bss_start__ = _sbss
 *(.bss)
 .bss           0x20000080       0x1c C:/ST/STM32CubeIDE_1.16.1/STM32CubeIDE/plugins/com.st.stm32cube.ide.mcu.externaltools.gnu-tools-for-stm32.12.3.rel1.win32_1.0.200.202406191623/tools/bin/../lib/gcc/arm-none-eabi/12.3.1/thumb/v7e-m+fp/hard/crtbegin.o
 *(.bss*)
 .bss.Local_u8Flag.2
                0x2000009c        0x1 ./Core/Src/LedEffect.o
 .bss.Local_u8PinNum.1
                0x2000009d        0x1 ./Core/Src/LedEffect.o
 .bss.Local_u8PinNum.0
                0x2000009e        0x1 ./Core/Src/LedEffect.o
 *fill*         0x2000009f        0x1 
 .bss.ShowDate.1
                0x200000a0       0x32 ./Core/Src/RTC.o
 *fill*         0x200000d2        0x2 
 .bss.ShowTime.0
                0x200000d4       0x32 ./Core/Src/RTC.o
 .bss.RTCCfgState.0
                0x20000106        0x1 ./Core/Src/TaskHandlers.o
 *fill*         0x20000107        0x1 
 .bss.hrtc      0x20000108       0x20 ./Core/Src/main.o
                0x20000108                hrtc
 .bss.huart6    0x20000128       0x48 ./Core/Src/main.o
                0x20000128                huart6
 .bss.HandleMenuTask
                0x20000170        0x4 ./Core/Src/main.o
                0x20000170                HandleMenuTask
 .bss.HandleCMDTask
                0x20000174        0x4 ./Core/Src/main.o
                0x20000174                HandleCMDTask
 .bss.HandleLedTask
                0x20000178        0x4 ./Core/Src/main.o
                0x20000178                HandleLedTask
 .bss.HandleRTCTask
                0x2000017c        0x4 ./Core/Src/main.o
                0x2000017c                HandleRTCTask
 .bss.HandlePrintTask
                0x20000180        0x4 ./Core/Src/main.o
                0x20000180                HandlePrintTask
 .bss.Q_Print   0x20000184        0x4 ./Core/Src/main.o
                0x20000184                Q_Print
 .bss.Q_Data    0x20000188        0x4 ./Core/Src/main.o
                0x20000188                Q_Data
 .bss.Current_State
                0x2000018c        0x1 ./Core/Src/main.o
                0x2000018c                Current_State
 .bss.UserData  0x2000018d        0x1 ./Core/Src/main.o
                0x2000018d                UserData
 *fill*         0x2000018e        0x2 
 .bss.HandleLedTimer
                0x20000190       0x10 ./Core/Src/main.o
                0x20000190                HandleLedTimer
 .bss.htim2     0x200001a0       0x48 ./Core/Src/stm32f4xx_hal_timebase_tim.o
                0x200001a0                htim2
 .bss.__sbrk_heap_end
                0x200001e8        0x4 ./Core/Src/sysmem.o
 .bss.uwTick    0x200001ec        0x4 ./Drivers/STM32F4xx_HAL_Driver/Src/stm32f4xx_hal.o
                0x200001ec                uwTick
 .bss.xQueueRegistry
                0x200001f0       0x20 ./ThirdParty/FreeRTOS/queue.o
                0x200001f0                xQueueRegistry
 .bss.pxCurrentTCB
                0x20000210        0x4 ./ThirdParty/FreeRTOS/tasks.o
                0x20000210                pxCurrentTCB
 .bss.pxReadyTasksLists
                0x20000214       0x50 ./ThirdParty/FreeRTOS/tasks.o
 .bss.xDelayedTaskList1
                0x20000264       0x14 ./ThirdParty/FreeRTOS/tasks.o
 .bss.xDelayedTaskList2
                0x20000278       0x14 ./ThirdParty/FreeRTOS/tasks.o
 .bss.pxDelayedTaskList
                0x2000028c        0x4 ./ThirdParty/FreeRTOS/tasks.o
 .bss.pxOverflowDelayedTaskList
                0x20000290        0x4 ./ThirdParty/FreeRTOS/tasks.o
 .bss.xPendingReadyList
                0x20000294       0x14 ./ThirdParty/FreeRTOS/tasks.o
 .bss.xTasksWaitingTermination
                0x200002a8       0x14 ./ThirdParty/FreeRTOS/tasks.o
 .bss.uxDeletedTasksWaitingCleanUp
                0x200002bc        0x4 ./ThirdParty/FreeRTOS/tasks.o
 .bss.xSuspendedTaskList
                0x200002c0       0x14 ./ThirdParty/FreeRTOS/tasks.o
 .bss.uxCurrentNumberOfTasks
                0x200002d4        0x4 ./ThirdParty/FreeRTOS/tasks.o
 .bss.xTickCount
                0x200002d8        0x4 ./ThirdParty/FreeRTOS/tasks.o
 .bss.uxTopReadyPriority
                0x200002dc        0x4 ./ThirdParty/FreeRTOS/tasks.o
 .bss.xSchedulerRunning
                0x200002e0        0x4 ./ThirdParty/FreeRTOS/tasks.o
 .bss.xPendedTicks
                0x200002e4        0x4 ./ThirdParty/FreeRTOS/tasks.o
 .bss.xYieldPending
                0x200002e8        0x4 ./ThirdParty/FreeRTOS/tasks.o
 .bss.xNumOfOverflows
                0x200002ec        0x4 ./ThirdParty/FreeRTOS/tasks.o
 .bss.uxTaskNumber
                0x200002f0        0x4 ./ThirdParty/FreeRTOS/tasks.o
 .bss.xNextTaskUnblockTime
                0x200002f4        0x4 ./ThirdParty/FreeRTOS/tasks.o
 .bss.xIdleTaskHandle
                0x200002f8        0x4 ./ThirdParty/FreeRTOS/tasks.o
 .bss.uxSchedulerSuspended
                0x200002fc        0x4 ./ThirdParty/FreeRTOS/tasks.o
 .bss.xActiveTimerList1
                0x20000300       0x14 ./ThirdParty/FreeRTOS/timers.o
 .bss.xActiveTimerList2
                0x20000314       0x14 ./ThirdParty/FreeRTOS/timers.o
 .bss.pxCurrentTimerList
                0x20000328        0x4 ./ThirdParty/FreeRTOS/timers.o
 .bss.pxOverflowTimerList
                0x2000032c        0x4 ./ThirdParty/FreeRTOS/timers.o
 .bss.xTimerQueue
                0x20000330        0x4 ./ThirdParty/FreeRTOS/timers.o
 .bss.xTimerTaskHandle
                0x20000334        0x4 ./ThirdParty/FreeRTOS/timers.o
 .bss.xLastTime.0
                0x20000338        0x4 ./ThirdParty/FreeRTOS/timers.o
 .bss.ucMaxSysCallPriority
                0x2000033c        0x1 ./ThirdParty/FreeRTOS/portable/GCC/ARM_CM4F/port.o
 *fill*         0x2000033d        0x3 
 .bss.ulMaxPRIGROUPValue
                0x20000340        0x4 ./ThirdParty/FreeRTOS/portable/GCC/ARM_CM4F/port.o
 .bss.ucHeap    0x20000344     0x5000 ./ThirdParty/FreeRTOS/portable/MemMang/heap_4.o
 .bss.xStart    0x20005344        0x8 ./ThirdParty/FreeRTOS/portable/MemMang/heap_4.o
 .bss.pxEnd     0x2000534c        0x4 ./ThirdParty/FreeRTOS/portable/MemMang/heap_4.o
 .bss.xFreeBytesRemaining
                0x20005350        0x4 ./ThirdParty/FreeRTOS/portable/MemMang/heap_4.o
 .bss.xMinimumEverFreeBytesRemaining
                0x20005354        0x4 ./ThirdParty/FreeRTOS/portable/MemMang/heap_4.o
 .bss.xNumberOfSuccessfulAllocations
                0x20005358        0x4 ./ThirdParty/FreeRTOS/portable/MemMang/heap_4.o
 .bss.xNumberOfSuccessfulFrees
                0x2000535c        0x4 ./ThirdParty/FreeRTOS/portable/MemMang/heap_4.o
 .bss.__sf      0x20005360      0x138 C:/ST/STM32CubeIDE_1.16.1/STM32CubeIDE/plugins/com.st.stm32cube.ide.mcu.externaltools.gnu-tools-for-stm32.12.3.rel1.win32_1.0.200.202406191623/tools/bin/../lib/gcc/arm-none-eabi/12.3.1/../../../../arm-none-eabi/lib/thumb/v7e-m+fp/hard\libc_nano.a(libc_a-findfp.o)
                0x20005360                __sf
 .bss.errno     0x20005498        0x4 C:/ST/STM32CubeIDE_1.16.1/STM32CubeIDE/plugins/com.st.stm32cube.ide.mcu.externaltools.gnu-tools-for-stm32.12.3.rel1.win32_1.0.200.202406191623/tools/bin/../lib/gcc/arm-none-eabi/12.3.1/../../../../arm-none-eabi/lib/thumb/v7e-m+fp/hard\libc_nano.a(libc_a-reent.o)
                0x20005498                errno
 .bss.__lock___malloc_recursive_mutex
                0x2000549c        0x1 C:/ST/STM32CubeIDE_1.16.1/STM32CubeIDE/plugins/com.st.stm32cube.ide.mcu.externaltools.gnu-tools-for-stm32.12.3.rel1.win32_1.0.200.202406191623/tools/bin/../lib/gcc/arm-none-eabi/12.3.1/../../../../arm-none-eabi/lib/thumb/v7e-m+fp/hard\libc_nano.a(libc_a-lock.o)
                0x2000549c                __lock___malloc_recursive_mutex
 *fill*         0x2000549d        0x3 
 .bss.__malloc_sbrk_start
                0x200054a0        0x4 C:/ST/STM32CubeIDE_1.16.1/STM32CubeIDE/plugins/com.st.stm32cube.ide.mcu.externaltools.gnu-tools-for-stm32.12.3.rel1.win32_1.0.200.202406191623/tools/bin/../lib/gcc/arm-none-eabi/12.3.1/../../../../arm-none-eabi/lib/thumb/v7e-m+fp/hard\libc_nano.a(libc_a-mallocr.o)
                0x200054a0                __malloc_sbrk_start
 .bss.__malloc_free_list
                0x200054a4        0x4 C:/ST/STM32CubeIDE_1.16.1/STM32CubeIDE/plugins/com.st.stm32cube.ide.mcu.externaltools.gnu-tools-for-stm32.12.3.rel1.win32_1.0.200.202406191623/tools/bin/../lib/gcc/arm-none-eabi/12.3.1/../../../../arm-none-eabi/lib/thumb/v7e-m+fp/hard\libc_nano.a(libc_a-mallocr.o)
                0x200054a4                __malloc_free_list
 *(COMMON)
                0x200054a8                        . = ALIGN (0x4)
                0x200054a8                        _ebss = .
                0x200054a8                        __bss_end__ = _ebss

._user_heap_stack
                0x200054a8      0x600 load address 0x080085e4
                0x200054a8                        . = ALIGN (0x8)
                [!provide]                        PROVIDE (end = .)
                0x200054a8                        PROVIDE (_end = .)
                0x200056a8                        . = (. + _Min_Heap_Size)
 *fill*         0x200054a8      0x200 
                0x20005aa8                        . = (. + _Min_Stack_Size)
 *fill*         0x200056a8      0x400 
                0x20005aa8                        . = ALIGN (0x8)

/DISCARD/
 libc.a(*)
 libm.a(*)
 libgcc.a(*)

.ARM.attributes
                0x00000000       0x30
 *(.ARM.attributes)
 .ARM.attributes
                0x00000000       0x22 C:/ST/STM32CubeIDE_1.16.1/STM32CubeIDE/plugins/com.st.stm32cube.ide.mcu.externaltools.gnu-tools-for-stm32.12.3.rel1.win32_1.0.200.202406191623/tools/bin/../lib/gcc/arm-none-eabi/12.3.1/thumb/v7e-m+fp/hard/crti.o
 .ARM.attributes
                0x00000022       0x34 C:/ST/STM32CubeIDE_1.16.1/STM32CubeIDE/plugins/com.st.stm32cube.ide.mcu.externaltools.gnu-tools-for-stm32.12.3.rel1.win32_1.0.200.202406191623/tools/bin/../lib/gcc/arm-none-eabi/12.3.1/thumb/v7e-m+fp/hard/crtbegin.o
 .ARM.attributes
                0x00000056       0x34 ./Core/Src/LedEffect.o
 .ARM.attributes
                0x0000008a       0x34 ./Core/Src/RTC.o
 .ARM.attributes
                0x000000be       0x34 ./Core/Src/TaskHandlers.o
 .ARM.attributes
                0x000000f2       0x34 ./Core/Src/main.o
 .ARM.attributes
                0x00000126       0x34 ./Core/Src/stm32f4xx_hal_msp.o
 .ARM.attributes
                0x0000015a       0x34 ./Core/Src/stm32f4xx_hal_timebase_tim.o
 .ARM.attributes
                0x0000018e       0x34 ./Core/Src/stm32f4xx_it.o
 .ARM.attributes
                0x000001c2       0x34 ./Core/Src/sysmem.o
 .ARM.attributes
                0x000001f6       0x34 ./Core/Src/system_stm32f4xx.o
 .ARM.attributes
                0x0000022a       0x21 ./Core/Startup/startup_stm32f401rctx.o
 .ARM.attributes
                0x0000024b       0x34 ./Drivers/STM32F4xx_HAL_Driver/Src/stm32f4xx_hal.o
 .ARM.attributes
                0x0000027f       0x34 ./Drivers/STM32F4xx_HAL_Driver/Src/stm32f4xx_hal_cortex.o
 .ARM.attributes
                0x000002b3       0x34 ./Drivers/STM32F4xx_HAL_Driver/Src/stm32f4xx_hal_dma.o
 .ARM.attributes
                0x000002e7       0x34 ./Drivers/STM32F4xx_HAL_Driver/Src/stm32f4xx_hal_gpio.o
 .ARM.attributes
                0x0000031b       0x34 ./Drivers/STM32F4xx_HAL_Driver/Src/stm32f4xx_hal_rcc.o
 .ARM.attributes
                0x0000034f       0x34 ./Drivers/STM32F4xx_HAL_Driver/Src/stm32f4xx_hal_rcc_ex.o
 .ARM.attributes
                0x00000383       0x34 ./Drivers/STM32F4xx_HAL_Driver/Src/stm32f4xx_hal_rtc.o
 .ARM.attributes
                0x000003b7       0x34 ./Drivers/STM32F4xx_HAL_Driver/Src/stm32f4xx_hal_tim.o
 .ARM.attributes
                0x000003eb       0x34 ./Drivers/STM32F4xx_HAL_Driver/Src/stm32f4xx_hal_tim_ex.o
 .ARM.attributes
                0x0000041f       0x34 ./Drivers/STM32F4xx_HAL_Driver/Src/stm32f4xx_hal_uart.o
 .ARM.attributes
                0x00000453       0x34 ./ThirdParty/FreeRTOS/list.o
 .ARM.attributes
                0x00000487       0x34 ./ThirdParty/FreeRTOS/queue.o
 .ARM.attributes
                0x000004bb       0x34 ./ThirdParty/FreeRTOS/tasks.o
 .ARM.attributes
                0x000004ef       0x34 ./ThirdParty/FreeRTOS/timers.o
 .ARM.attributes
                0x00000523       0x34 ./ThirdParty/FreeRTOS/portable/GCC/ARM_CM4F/port.o
 .ARM.attributes
                0x00000557       0x34 ./ThirdParty/FreeRTOS/portable/MemMang/heap_4.o
 .ARM.attributes
                0x0000058b       0x34 C:/ST/STM32CubeIDE_1.16.1/STM32CubeIDE/plugins/com.st.stm32cube.ide.mcu.externaltools.gnu-tools-for-stm32.12.3.rel1.win32_1.0.200.202406191623/tools/bin/../lib/gcc/arm-none-eabi/12.3.1/../../../../arm-none-eabi/lib/thumb/v7e-m+fp/hard\libc_nano.a(libc_a-findfp.o)
 .ARM.attributes
                0x000005bf       0x34 C:/ST/STM32CubeIDE_1.16.1/STM32CubeIDE/plugins/com.st.stm32cube.ide.mcu.externaltools.gnu-tools-for-stm32.12.3.rel1.win32_1.0.200.202406191623/tools/bin/../lib/gcc/arm-none-eabi/12.3.1/../../../../arm-none-eabi/lib/thumb/v7e-m+fp/hard\libc_nano.a(libc_a-sprintf.o)
 .ARM.attributes
                0x000005f3       0x34 C:/ST/STM32CubeIDE_1.16.1/STM32CubeIDE/plugins/com.st.stm32cube.ide.mcu.externaltools.gnu-tools-for-stm32.12.3.rel1.win32_1.0.200.202406191623/tools/bin/../lib/gcc/arm-none-eabi/12.3.1/../../../../arm-none-eabi/lib/thumb/v7e-m+fp/hard\libc_nano.a(libc_a-memset.o)
 .ARM.attributes
                0x00000627       0x34 C:/ST/STM32CubeIDE_1.16.1/STM32CubeIDE/plugins/com.st.stm32cube.ide.mcu.externaltools.gnu-tools-for-stm32.12.3.rel1.win32_1.0.200.202406191623/tools/bin/../lib/gcc/arm-none-eabi/12.3.1/../../../../arm-none-eabi/lib/thumb/v7e-m+fp/hard\libc_nano.a(libc_a-reent.o)
 .ARM.attributes
                0x0000065b       0x34 C:/ST/STM32CubeIDE_1.16.1/STM32CubeIDE/plugins/com.st.stm32cube.ide.mcu.externaltools.gnu-tools-for-stm32.12.3.rel1.win32_1.0.200.202406191623/tools/bin/../lib/gcc/arm-none-eabi/12.3.1/../../../../arm-none-eabi/lib/thumb/v7e-m+fp/hard\libc_nano.a(libc_a-impure.o)
 .ARM.attributes
                0x0000068f       0x34 C:/ST/STM32CubeIDE_1.16.1/STM32CubeIDE/plugins/com.st.stm32cube.ide.mcu.externaltools.gnu-tools-for-stm32.12.3.rel1.win32_1.0.200.202406191623/tools/bin/../lib/gcc/arm-none-eabi/12.3.1/../../../../arm-none-eabi/lib/thumb/v7e-m+fp/hard\libc_nano.a(libc_a-errno.o)
 .ARM.attributes
                0x000006c3       0x34 C:/ST/STM32CubeIDE_1.16.1/STM32CubeIDE/plugins/com.st.stm32cube.ide.mcu.externaltools.gnu-tools-for-stm32.12.3.rel1.win32_1.0.200.202406191623/tools/bin/../lib/gcc/arm-none-eabi/12.3.1/../../../../arm-none-eabi/lib/thumb/v7e-m+fp/hard\libc_nano.a(libc_a-init.o)
 .ARM.attributes
                0x000006f7       0x34 C:/ST/STM32CubeIDE_1.16.1/STM32CubeIDE/plugins/com.st.stm32cube.ide.mcu.externaltools.gnu-tools-for-stm32.12.3.rel1.win32_1.0.200.202406191623/tools/bin/../lib/gcc/arm-none-eabi/12.3.1/../../../../arm-none-eabi/lib/thumb/v7e-m+fp/hard\libc_nano.a(libc_a-lock.o)
 .ARM.attributes
                0x0000072b       0x20 C:/ST/STM32CubeIDE_1.16.1/STM32CubeIDE/plugins/com.st.stm32cube.ide.mcu.externaltools.gnu-tools-for-stm32.12.3.rel1.win32_1.0.200.202406191623/tools/bin/../lib/gcc/arm-none-eabi/12.3.1/../../../../arm-none-eabi/lib/thumb/v7e-m+fp/hard\libc_nano.a(libc_a-strcmp.o)
 .ARM.attributes
                0x0000074b       0x34 C:/ST/STM32CubeIDE_1.16.1/STM32CubeIDE/plugins/com.st.stm32cube.ide.mcu.externaltools.gnu-tools-for-stm32.12.3.rel1.win32_1.0.200.202406191623/tools/bin/../lib/gcc/arm-none-eabi/12.3.1/../../../../arm-none-eabi/lib/thumb/v7e-m+fp/hard\libc_nano.a(libc_a-memcpy-stub.o)
 .ARM.attributes
                0x0000077f       0x17 C:/ST/STM32CubeIDE_1.16.1/STM32CubeIDE/plugins/com.st.stm32cube.ide.mcu.externaltools.gnu-tools-for-stm32.12.3.rel1.win32_1.0.200.202406191623/tools/bin/../lib/gcc/arm-none-eabi/12.3.1/../../../../arm-none-eabi/lib/thumb/v7e-m+fp/hard\libc_nano.a(libc_a-strlen.o)
 .ARM.attributes
                0x00000796       0x34 C:/ST/STM32CubeIDE_1.16.1/STM32CubeIDE/plugins/com.st.stm32cube.ide.mcu.externaltools.gnu-tools-for-stm32.12.3.rel1.win32_1.0.200.202406191623/tools/bin/../lib/gcc/arm-none-eabi/12.3.1/../../../../arm-none-eabi/lib/thumb/v7e-m+fp/hard\libc_nano.a(libc_a-freer.o)
 .ARM.attributes
                0x000007ca       0x34 C:/ST/STM32CubeIDE_1.16.1/STM32CubeIDE/plugins/com.st.stm32cube.ide.mcu.externaltools.gnu-tools-for-stm32.12.3.rel1.win32_1.0.200.202406191623/tools/bin/../lib/gcc/arm-none-eabi/12.3.1/../../../../arm-none-eabi/lib/thumb/v7e-m+fp/hard\libc_nano.a(libc_a-mallocr.o)
 .ARM.attributes
                0x000007fe       0x34 C:/ST/STM32CubeIDE_1.16.1/STM32CubeIDE/plugins/com.st.stm32cube.ide.mcu.externaltools.gnu-tools-for-stm32.12.3.rel1.win32_1.0.200.202406191623/tools/bin/../lib/gcc/arm-none-eabi/12.3.1/../../../../arm-none-eabi/lib/thumb/v7e-m+fp/hard\libc_nano.a(libc_a-mlock.o)
 .ARM.attributes
                0x00000832       0x34 C:/ST/STM32CubeIDE_1.16.1/STM32CubeIDE/plugins/com.st.stm32cube.ide.mcu.externaltools.gnu-tools-for-stm32.12.3.rel1.win32_1.0.200.202406191623/tools/bin/../lib/gcc/arm-none-eabi/12.3.1/../../../../arm-none-eabi/lib/thumb/v7e-m+fp/hard\libc_nano.a(libc_a-nano-svfprintf.o)
 .ARM.attributes
                0x00000866       0x34 C:/ST/STM32CubeIDE_1.16.1/STM32CubeIDE/plugins/com.st.stm32cube.ide.mcu.externaltools.gnu-tools-for-stm32.12.3.rel1.win32_1.0.200.202406191623/tools/bin/../lib/gcc/arm-none-eabi/12.3.1/../../../../arm-none-eabi/lib/thumb/v7e-m+fp/hard\libc_nano.a(libc_a-nano-vfprintf_i.o)
 .ARM.attributes
                0x0000089a       0x34 C:/ST/STM32CubeIDE_1.16.1/STM32CubeIDE/plugins/com.st.stm32cube.ide.mcu.externaltools.gnu-tools-for-stm32.12.3.rel1.win32_1.0.200.202406191623/tools/bin/../lib/gcc/arm-none-eabi/12.3.1/../../../../arm-none-eabi/lib/thumb/v7e-m+fp/hard\libc_nano.a(libc_a-memmove.o)
 .ARM.attributes
                0x000008ce       0x34 C:/ST/STM32CubeIDE_1.16.1/STM32CubeIDE/plugins/com.st.stm32cube.ide.mcu.externaltools.gnu-tools-for-stm32.12.3.rel1.win32_1.0.200.202406191623/tools/bin/../lib/gcc/arm-none-eabi/12.3.1/../../../../arm-none-eabi/lib/thumb/v7e-m+fp/hard\libc_nano.a(libc_a-sbrkr.o)
 .ARM.attributes
                0x00000902       0x1c C:/ST/STM32CubeIDE_1.16.1/STM32CubeIDE/plugins/com.st.stm32cube.ide.mcu.externaltools.gnu-tools-for-stm32.12.3.rel1.win32_1.0.200.202406191623/tools/bin/../lib/gcc/arm-none-eabi/12.3.1/../../../../arm-none-eabi/lib/thumb/v7e-m+fp/hard\libc_nano.a(libc_a-memchr.o)
 .ARM.attributes
                0x0000091e       0x34 C:/ST/STM32CubeIDE_1.16.1/STM32CubeIDE/plugins/com.st.stm32cube.ide.mcu.externaltools.gnu-tools-for-stm32.12.3.rel1.win32_1.0.200.202406191623/tools/bin/../lib/gcc/arm-none-eabi/12.3.1/../../../../arm-none-eabi/lib/thumb/v7e-m+fp/hard\libc_nano.a(libc_a-reallocr.o)
 .ARM.attributes
                0x00000952       0x34 C:/ST/STM32CubeIDE_1.16.1/STM32CubeIDE/plugins/com.st.stm32cube.ide.mcu.externaltools.gnu-tools-for-stm32.12.3.rel1.win32_1.0.200.202406191623/tools/bin/../lib/gcc/arm-none-eabi/12.3.1/../../../../arm-none-eabi/lib/thumb/v7e-m+fp/hard\libc_nano.a(libc_a-msizer.o)
 .ARM.attributes
                0x00000986       0x22 C:/ST/STM32CubeIDE_1.16.1/STM32CubeIDE/plugins/com.st.stm32cube.ide.mcu.externaltools.gnu-tools-for-stm32.12.3.rel1.win32_1.0.200.202406191623/tools/bin/../lib/gcc/arm-none-eabi/12.3.1/thumb/v7e-m+fp/hard\libgcc.a(_aeabi_uldivmod.o)
 .ARM.attributes
                0x000009a8       0x34 C:/ST/STM32CubeIDE_1.16.1/STM32CubeIDE/plugins/com.st.stm32cube.ide.mcu.externaltools.gnu-tools-for-stm32.12.3.rel1.win32_1.0.200.202406191623/tools/bin/../lib/gcc/arm-none-eabi/12.3.1/thumb/v7e-m+fp/hard\libgcc.a(_udivmoddi4.o)
 .ARM.attributes
                0x000009dc       0x22 C:/ST/STM32CubeIDE_1.16.1/STM32CubeIDE/plugins/com.st.stm32cube.ide.mcu.externaltools.gnu-tools-for-stm32.12.3.rel1.win32_1.0.200.202406191623/tools/bin/../lib/gcc/arm-none-eabi/12.3.1/thumb/v7e-m+fp/hard\libgcc.a(_dvmd_tls.o)
 .ARM.attributes
                0x000009fe       0x22 C:/ST/STM32CubeIDE_1.16.1/STM32CubeIDE/plugins/com.st.stm32cube.ide.mcu.externaltools.gnu-tools-for-stm32.12.3.rel1.win32_1.0.200.202406191623/tools/bin/../lib/gcc/arm-none-eabi/12.3.1/thumb/v7e-m+fp/hard/crtn.o
OUTPUT(Smart Lighting and Time Control System using RTOS.elf elf32-littlearm)
LOAD linker stubs
LOAD C:/ST/STM32CubeIDE_1.16.1/STM32CubeIDE/plugins/com.st.stm32cube.ide.mcu.externaltools.gnu-tools-for-stm32.12.3.rel1.win32_1.0.200.202406191623/tools/bin/../lib/gcc/arm-none-eabi/12.3.1/../../../../arm-none-eabi/lib/thumb/v7e-m+fp/hard\libc.a
LOAD C:/ST/STM32CubeIDE_1.16.1/STM32CubeIDE/plugins/com.st.stm32cube.ide.mcu.externaltools.gnu-tools-for-stm32.12.3.rel1.win32_1.0.200.202406191623/tools/bin/../lib/gcc/arm-none-eabi/12.3.1/../../../../arm-none-eabi/lib/thumb/v7e-m+fp/hard\libm.a
LOAD C:/ST/STM32CubeIDE_1.16.1/STM32CubeIDE/plugins/com.st.stm32cube.ide.mcu.externaltools.gnu-tools-for-stm32.12.3.rel1.win32_1.0.200.202406191623/tools/bin/../lib/gcc/arm-none-eabi/12.3.1/thumb/v7e-m+fp/hard\libgcc.a

.debug_info     0x00000000    0x15fbc
 .debug_info    0x00000000      0x40f ./Core/Src/LedEffect.o
 .debug_info    0x0000040f      0x7b4 ./Core/Src/RTC.o
 .debug_info    0x00000bc3      0xc77 ./Core/Src/TaskHandlers.o
 .debug_info    0x0000183a     0x16c1 ./Core/Src/main.o
 .debug_info    0x00002efb      0xfb5 ./Core/Src/stm32f4xx_hal_msp.o
 .debug_info    0x00003eb0      0xb7d ./Core/Src/stm32f4xx_hal_timebase_tim.o
 .debug_info    0x00004a2d      0x955 ./Core/Src/stm32f4xx_it.o
 .debug_info    0x00005382      0x168 ./Core/Src/sysmem.o
 .debug_info    0x000054ea      0x53e ./Core/Src/system_stm32f4xx.o
 .debug_info    0x00005a28       0x30 ./Core/Startup/startup_stm32f401rctx.o
 .debug_info    0x00005a58      0x8bb ./Drivers/STM32F4xx_HAL_Driver/Src/stm32f4xx_hal.o
 .debug_info    0x00006313      0xcf6 ./Drivers/STM32F4xx_HAL_Driver/Src/stm32f4xx_hal_cortex.o
 .debug_info    0x00007009      0x8e6 ./Drivers/STM32F4xx_HAL_Driver/Src/stm32f4xx_hal_dma.o
 .debug_info    0x000078ef      0x6f9 ./Drivers/STM32F4xx_HAL_Driver/Src/stm32f4xx_hal_gpio.o
 .debug_info    0x00007fe8      0x8f1 ./Drivers/STM32F4xx_HAL_Driver/Src/stm32f4xx_hal_rcc.o
 .debug_info    0x000088d9      0x570 ./Drivers/STM32F4xx_HAL_Driver/Src/stm32f4xx_hal_rcc_ex.o
 .debug_info    0x00008e49      0xc43 ./Drivers/STM32F4xx_HAL_Driver/Src/stm32f4xx_hal_rtc.o
 .debug_info    0x00009a8c     0x2996 ./Drivers/STM32F4xx_HAL_Driver/Src/stm32f4xx_hal_tim.o
 .debug_info    0x0000c422     0x14d4 ./Drivers/STM32F4xx_HAL_Driver/Src/stm32f4xx_hal_tim_ex.o
 .debug_info    0x0000d8f6     0x2f56 ./Drivers/STM32F4xx_HAL_Driver/Src/stm32f4xx_hal_uart.o
 .debug_info    0x0001084c      0x2af ./ThirdParty/FreeRTOS/list.o
 .debug_info    0x00010afb     0x184f ./ThirdParty/FreeRTOS/queue.o
 .debug_info    0x0001234a     0x23af ./ThirdParty/FreeRTOS/tasks.o
 .debug_info    0x000146f9      0xe20 ./ThirdParty/FreeRTOS/timers.o
 .debug_info    0x00015519      0x582 ./ThirdParty/FreeRTOS/portable/GCC/ARM_CM4F/port.o
 .debug_info    0x00015a9b      0x521 ./ThirdParty/FreeRTOS/portable/MemMang/heap_4.o

.debug_abbrev   0x00000000     0x380b
 .debug_abbrev  0x00000000      0x1bc ./Core/Src/LedEffect.o
 .debug_abbrev  0x000001bc      0x1a4 ./Core/Src/RTC.o
 .debug_abbrev  0x00000360      0x293 ./Core/Src/TaskHandlers.o
 .debug_abbrev  0x000005f3      0x355 ./Core/Src/main.o
 .debug_abbrev  0x00000948      0x20c ./Core/Src/stm32f4xx_hal_msp.o
 .debug_abbrev  0x00000b54      0x207 ./Core/Src/stm32f4xx_hal_timebase_tim.o
 .debug_abbrev  0x00000d5b      0x19b ./Core/Src/stm32f4xx_it.o
 .debug_abbrev  0x00000ef6       0xbc ./Core/Src/sysmem.o
 .debug_abbrev  0x00000fb2      0x11a ./Core/Src/system_stm32f4xx.o
 .debug_abbrev  0x000010cc       0x24 ./Core/Startup/startup_stm32f401rctx.o
 .debug_abbrev  0x000010f0      0x24b ./Drivers/STM32F4xx_HAL_Driver/Src/stm32f4xx_hal.o
 .debug_abbrev  0x0000133b      0x31d ./Drivers/STM32F4xx_HAL_Driver/Src/stm32f4xx_hal_cortex.o
 .debug_abbrev  0x00001658      0x221 ./Drivers/STM32F4xx_HAL_Driver/Src/stm32f4xx_hal_dma.o
 .debug_abbrev  0x00001879      0x1d3 ./Drivers/STM32F4xx_HAL_Driver/Src/stm32f4xx_hal_gpio.o
 .debug_abbrev  0x00001a4c      0x2b6 ./Drivers/STM32F4xx_HAL_Driver/Src/stm32f4xx_hal_rcc.o
 .debug_abbrev  0x00001d02      0x1b0 ./Drivers/STM32F4xx_HAL_Driver/Src/stm32f4xx_hal_rcc_ex.o
 .debug_abbrev  0x00001eb2      0x1fb ./Drivers/STM32F4xx_HAL_Driver/Src/stm32f4xx_hal_rtc.o
 .debug_abbrev  0x000020ad      0x28b ./Drivers/STM32F4xx_HAL_Driver/Src/stm32f4xx_hal_tim.o
 .debug_abbrev  0x00002338      0x296 ./Drivers/STM32F4xx_HAL_Driver/Src/stm32f4xx_hal_tim_ex.o
 .debug_abbrev  0x000025ce      0x31b ./Drivers/STM32F4xx_HAL_Driver/Src/stm32f4xx_hal_uart.o
 .debug_abbrev  0x000028e9       0xf5 ./ThirdParty/FreeRTOS/list.o
 .debug_abbrev  0x000029de      0x323 ./ThirdParty/FreeRTOS/queue.o
 .debug_abbrev  0x00002d01      0x38f ./ThirdParty/FreeRTOS/tasks.o
 .debug_abbrev  0x00003090      0x2cb ./ThirdParty/FreeRTOS/timers.o
 .debug_abbrev  0x0000335b      0x25a ./ThirdParty/FreeRTOS/portable/GCC/ARM_CM4F/port.o
 .debug_abbrev  0x000035b5      0x256 ./ThirdParty/FreeRTOS/portable/MemMang/heap_4.o

.debug_aranges  0x00000000     0x13c8
 .debug_aranges
                0x00000000       0x68 ./Core/Src/LedEffect.o
 .debug_aranges
                0x00000068       0x40 ./Core/Src/RTC.o
 .debug_aranges
                0x000000a8       0x60 ./Core/Src/TaskHandlers.o
 .debug_aranges
                0x00000108       0x50 ./Core/Src/main.o
 .debug_aranges
                0x00000158       0x40 ./Core/Src/stm32f4xx_hal_msp.o
 .debug_aranges
                0x00000198       0x30 ./Core/Src/stm32f4xx_hal_timebase_tim.o
 .debug_aranges
                0x000001c8       0x58 ./Core/Src/stm32f4xx_it.o
 .debug_aranges
                0x00000220       0x20 ./Core/Src/sysmem.o
 .debug_aranges
                0x00000240       0x28 ./Core/Src/system_stm32f4xx.o
 .debug_aranges
                0x00000268       0x28 ./Core/Startup/startup_stm32f401rctx.o
 .debug_aranges
                0x00000290       0xf0 ./Drivers/STM32F4xx_HAL_Driver/Src/stm32f4xx_hal.o
 .debug_aranges
                0x00000380      0x130 ./Drivers/STM32F4xx_HAL_Driver/Src/stm32f4xx_hal_cortex.o
 .debug_aranges
                0x000004b0       0x90 ./Drivers/STM32F4xx_HAL_Driver/Src/stm32f4xx_hal_dma.o
 .debug_aranges
                0x00000540       0x58 ./Drivers/STM32F4xx_HAL_Driver/Src/stm32f4xx_hal_gpio.o
 .debug_aranges
                0x00000598       0x88 ./Drivers/STM32F4xx_HAL_Driver/Src/stm32f4xx_hal_rcc.o
 .debug_aranges
                0x00000620       0x48 ./Drivers/STM32F4xx_HAL_Driver/Src/stm32f4xx_hal_rcc_ex.o
 .debug_aranges
                0x00000668       0xe8 ./Drivers/STM32F4xx_HAL_Driver/Src/stm32f4xx_hal_rtc.o
 .debug_aranges
                0x00000750      0x3d0 ./Drivers/STM32F4xx_HAL_Driver/Src/stm32f4xx_hal_tim.o
 .debug_aranges
                0x00000b20      0x168 ./Drivers/STM32F4xx_HAL_Driver/Src/stm32f4xx_hal_tim_ex.o
 .debug_aranges
                0x00000c88      0x208 ./Drivers/STM32F4xx_HAL_Driver/Src/stm32f4xx_hal_uart.o
 .debug_aranges
                0x00000e90       0x40 ./ThirdParty/FreeRTOS/list.o
 .debug_aranges
                0x00000ed0      0x130 ./ThirdParty/FreeRTOS/queue.o
 .debug_aranges
                0x00001000      0x1f8 ./ThirdParty/FreeRTOS/tasks.o
 .debug_aranges
                0x000011f8       0xe8 ./ThirdParty/FreeRTOS/timers.o
 .debug_aranges
                0x000012e0       0x88 ./ThirdParty/FreeRTOS/portable/GCC/ARM_CM4F/port.o
 .debug_aranges
                0x00001368       0x60 ./ThirdParty/FreeRTOS/portable/MemMang/heap_4.o

.debug_rnglists
                0x00000000      0xf52
 .debug_rnglists
                0x00000000       0x49 ./Core/Src/LedEffect.o
 .debug_rnglists
                0x00000049       0x2c ./Core/Src/RTC.o
 .debug_rnglists
                0x00000075       0x47 ./Core/Src/TaskHandlers.o
 .debug_rnglists
                0x000000bc       0x3a ./Core/Src/main.o
 .debug_rnglists
                0x000000f6       0x2c ./Core/Src/stm32f4xx_hal_msp.o
 .debug_rnglists
                0x00000122       0x20 ./Core/Src/stm32f4xx_hal_timebase_tim.o
 .debug_rnglists
                0x00000142       0x3d ./Core/Src/stm32f4xx_it.o
 .debug_rnglists
                0x0000017f       0x13 ./Core/Src/sysmem.o
 .debug_rnglists
                0x00000192       0x1a ./Core/Src/system_stm32f4xx.o
 .debug_rnglists
                0x000001ac       0x19 ./Core/Startup/startup_stm32f401rctx.o
 .debug_rnglists
                0x000001c5       0xaf ./Drivers/STM32F4xx_HAL_Driver/Src/stm32f4xx_hal.o
 .debug_rnglists
                0x00000274       0xe0 ./Drivers/STM32F4xx_HAL_Driver/Src/stm32f4xx_hal_cortex.o
 .debug_rnglists
                0x00000354       0x70 ./Drivers/STM32F4xx_HAL_Driver/Src/stm32f4xx_hal_dma.o
 .debug_rnglists
                0x000003c4       0x3f ./Drivers/STM32F4xx_HAL_Driver/Src/stm32f4xx_hal_gpio.o
 .debug_rnglists
                0x00000403       0x66 ./Drivers/STM32F4xx_HAL_Driver/Src/stm32f4xx_hal_rcc.o
 .debug_rnglists
                0x00000469       0x35 ./Drivers/STM32F4xx_HAL_Driver/Src/stm32f4xx_hal_rcc_ex.o
 .debug_rnglists
                0x0000049e       0xb4 ./Drivers/STM32F4xx_HAL_Driver/Src/stm32f4xx_hal_rtc.o
 .debug_rnglists
                0x00000552      0x31a ./Drivers/STM32F4xx_HAL_Driver/Src/stm32f4xx_hal_tim.o
 .debug_rnglists
                0x0000086c      0x125 ./Drivers/STM32F4xx_HAL_Driver/Src/stm32f4xx_hal_tim_ex.o
 .debug_rnglists
                0x00000991      0x1bc ./Drivers/STM32F4xx_HAL_Driver/Src/stm32f4xx_hal_uart.o
 .debug_rnglists
                0x00000b4d       0x2b ./ThirdParty/FreeRTOS/list.o
 .debug_rnglists
                0x00000b78       0xec ./ThirdParty/FreeRTOS/queue.o
 .debug_rnglists
                0x00000c64      0x195 ./ThirdParty/FreeRTOS/tasks.o
 .debug_rnglists
                0x00000df9       0xad ./ThirdParty/FreeRTOS/timers.o
 .debug_rnglists
                0x00000ea6       0x64 ./ThirdParty/FreeRTOS/portable/GCC/ARM_CM4F/port.o
 .debug_rnglists
                0x00000f0a       0x48 ./ThirdParty/FreeRTOS/portable/MemMang/heap_4.o

.debug_macro    0x00000000    0x19f48
 .debug_macro   0x00000000      0x3c3 ./Core/Src/LedEffect.o
 .debug_macro   0x000003c3      0xab4 ./Core/Src/LedEffect.o
 .debug_macro   0x00000e77      0x2a1 ./Core/Src/LedEffect.o
 .debug_macro   0x00001118       0x2e ./Core/Src/LedEffect.o
 .debug_macro   0x00001146       0x28 ./Core/Src/LedEffect.o
 .debug_macro   0x0000116e       0x22 ./Core/Src/LedEffect.o
 .debug_macro   0x00001190       0x8e ./Core/Src/LedEffect.o
 .debug_macro   0x0000121e       0x51 ./Core/Src/LedEffect.o
 .debug_macro   0x0000126f      0x103 ./Core/Src/LedEffect.o
 .debug_macro   0x00001372       0x6a ./Core/Src/LedEffect.o
 .debug_macro   0x000013dc      0x1df ./Core/Src/LedEffect.o
 .debug_macro   0x000015bb       0x1c ./Core/Src/LedEffect.o
 .debug_macro   0x000015d7       0x22 ./Core/Src/LedEffect.o
 .debug_macro   0x000015f9       0xfb ./Core/Src/LedEffect.o
 .debug_macro   0x000016f4     0x1011 ./Core/Src/LedEffect.o
 .debug_macro   0x00002705      0x11f ./Core/Src/LedEffect.o
 .debug_macro   0x00002824     0xb86c ./Core/Src/LedEffect.o
 .debug_macro   0x0000e090       0x6d ./Core/Src/LedEffect.o
 .debug_macro   0x0000e0fd     0x369a ./Core/Src/LedEffect.o
 .debug_macro   0x00011797      0x189 ./Core/Src/LedEffect.o
 .debug_macro   0x00011920       0x5c ./Core/Src/LedEffect.o
 .debug_macro   0x0001197c      0x416 ./Core/Src/LedEffect.o
 .debug_macro   0x00011d92      0x9e9 ./Core/Src/LedEffect.o
 .debug_macro   0x0001277b      0x115 ./Core/Src/LedEffect.o
 .debug_macro   0x00012890       0xf8 ./Core/Src/LedEffect.o
 .debug_macro   0x00012988       0xa5 ./Core/Src/LedEffect.o
 .debug_macro   0x00012a2d      0x15f ./Core/Src/LedEffect.o
 .debug_macro   0x00012b8c      0x287 ./Core/Src/LedEffect.o
 .debug_macro   0x00012e13       0x5f ./Core/Src/LedEffect.o
 .debug_macro   0x00012e72      0x236 ./Core/Src/LedEffect.o
 .debug_macro   0x000130a8      0x132 ./Core/Src/LedEffect.o
 .debug_macro   0x000131da      0x23a ./Core/Src/LedEffect.o
 .debug_macro   0x00013414       0x2e ./Core/Src/LedEffect.o
 .debug_macro   0x00013442      0x127 ./Core/Src/LedEffect.o
 .debug_macro   0x00013569       0x85 ./Core/Src/LedEffect.o
 .debug_macro   0x000135ee       0x89 ./Core/Src/LedEffect.o
 .debug_macro   0x00013677      0x305 ./Core/Src/LedEffect.o
 .debug_macro   0x0001397c      0x429 ./Core/Src/LedEffect.o
 .debug_macro   0x00013da5       0xeb ./Core/Src/LedEffect.o
 .debug_macro   0x00013e90      0x8ed ./Core/Src/LedEffect.o
 .debug_macro   0x0001477d       0x47 ./Core/Src/LedEffect.o
 .debug_macro   0x000147c4      0x2aa ./Core/Src/LedEffect.o
 .debug_macro   0x00014a6e      0x126 ./Core/Src/LedEffect.o
 .debug_macro   0x00014b94      0x107 ./Core/Src/LedEffect.o
 .debug_macro   0x00014c9b      0x15a ./Core/Src/LedEffect.o
 .debug_macro   0x00014df5       0xea ./Core/Src/LedEffect.o
 .debug_macro   0x00014edf       0x28 ./Core/Src/LedEffect.o
 .debug_macro   0x00014f07       0x1f ./Core/Src/LedEffect.o
 .debug_macro   0x00014f26       0x12 ./Core/Src/LedEffect.o
 .debug_macro   0x00014f38      0x557 ./Core/Src/LedEffect.o
 .debug_macro   0x0001548f       0x58 ./Core/Src/LedEffect.o
 .debug_macro   0x000154e7       0x46 ./Core/Src/LedEffect.o
 .debug_macro   0x0001552d       0x64 ./Core/Src/LedEffect.o
 .debug_macro   0x00015591       0x16 ./Core/Src/LedEffect.o
 .debug_macro   0x000155a7       0x49 ./Core/Src/LedEffect.o
 .debug_macro   0x000155f0       0xca ./Core/Src/LedEffect.o
 .debug_macro   0x000156ba      0x220 ./Core/Src/LedEffect.o
 .debug_macro   0x000158da       0xc3 ./Core/Src/LedEffect.o
 .debug_macro   0x0001599d      0x120 ./Core/Src/LedEffect.o
 .debug_macro   0x00015abd       0x80 ./Core/Src/LedEffect.o
 .debug_macro   0x00015b3d       0x61 ./Core/Src/LedEffect.o
 .debug_macro   0x00015b9e       0x2a ./Core/Src/LedEffect.o
 .debug_macro   0x00015bc8       0x43 ./Core/Src/LedEffect.o
 .debug_macro   0x00015c0b       0x34 ./Core/Src/LedEffect.o
 .debug_macro   0x00015c3f       0x16 ./Core/Src/LedEffect.o
 .debug_macro   0x00015c55       0x43 ./Core/Src/LedEffect.o
 .debug_macro   0x00015c98       0x34 ./Core/Src/LedEffect.o
 .debug_macro   0x00015ccc       0x10 ./Core/Src/LedEffect.o
 .debug_macro   0x00015cdc       0x58 ./Core/Src/LedEffect.o
 .debug_macro   0x00015d34       0x8e ./Core/Src/LedEffect.o
 .debug_macro   0x00015dc2       0x1c ./Core/Src/LedEffect.o
 .debug_macro   0x00015dde      0x177 ./Core/Src/LedEffect.o
 .debug_macro   0x00015f55      0x369 ./Core/Src/LedEffect.o
 .debug_macro   0x000162be       0x10 ./Core/Src/LedEffect.o
 .debug_macro   0x000162ce       0x35 ./Core/Src/LedEffect.o
 .debug_macro   0x00016303       0x20 ./Core/Src/LedEffect.o
 .debug_macro   0x00016323       0x1c ./Core/Src/LedEffect.o
 .debug_macro   0x0001633f       0x1c ./Core/Src/LedEffect.o
 .debug_macro   0x0001635b       0x16 ./Core/Src/LedEffect.o
 .debug_macro   0x00016371      0x146 ./Core/Src/LedEffect.o
 .debug_macro   0x000164b7       0x97 ./Core/Src/LedEffect.o
 .debug_macro   0x0001654e       0x3b ./Core/Src/LedEffect.o
 .debug_macro   0x00016589      0x3c3 ./Core/Src/RTC.o
 .debug_macro   0x0001694c      0x3e7 ./Core/Src/TaskHandlers.o
 .debug_macro   0x00016d33      0x3c3 ./Core/Src/main.o
 .debug_macro   0x000170f6      0x3c3 ./Core/Src/stm32f4xx_hal_msp.o
 .debug_macro   0x000174b9      0x1e7 ./Core/Src/stm32f4xx_hal_timebase_tim.o
 .debug_macro   0x000176a0      0x3cd ./Core/Src/stm32f4xx_it.o
 .debug_macro   0x00017a6d       0xff ./Core/Src/sysmem.o
 .debug_macro   0x00017b6c      0x23c ./Core/Src/sysmem.o
 .debug_macro   0x00017da8      0x1e7 ./Core/Src/system_stm32f4xx.o
 .debug_macro   0x00017f8f      0x247 ./Drivers/STM32F4xx_HAL_Driver/Src/stm32f4xx_hal.o
 .debug_macro   0x000181d6      0x1e7 ./Drivers/STM32F4xx_HAL_Driver/Src/stm32f4xx_hal_cortex.o
 .debug_macro   0x000183bd      0x1ed ./Drivers/STM32F4xx_HAL_Driver/Src/stm32f4xx_hal_dma.o
 .debug_macro   0x000185aa      0x1ed ./Drivers/STM32F4xx_HAL_Driver/Src/stm32f4xx_hal_gpio.o
 .debug_macro   0x00018797      0x20b ./Drivers/STM32F4xx_HAL_Driver/Src/stm32f4xx_hal_rcc.o
 .debug_macro   0x000189a2      0x1e7 ./Drivers/STM32F4xx_HAL_Driver/Src/stm32f4xx_hal_rcc_ex.o
 .debug_macro   0x00018b89      0x1e8 ./Drivers/STM32F4xx_HAL_Driver/Src/stm32f4xx_hal_rtc.o
 .debug_macro   0x00018d71      0x1e8 ./Drivers/STM32F4xx_HAL_Driver/Src/stm32f4xx_hal_tim.o
 .debug_macro   0x00018f59      0x1e7 ./Drivers/STM32F4xx_HAL_Driver/Src/stm32f4xx_hal_tim_ex.o
 .debug_macro   0x00019140      0x1e8 ./Drivers/STM32F4xx_HAL_Driver/Src/stm32f4xx_hal_uart.o
 .debug_macro   0x00019328      0x198 ./ThirdParty/FreeRTOS/list.o
 .debug_macro   0x000194c0      0x22f ./ThirdParty/FreeRTOS/queue.o
 .debug_macro   0x000196ef       0x16 ./ThirdParty/FreeRTOS/queue.o
 .debug_macro   0x00019705      0x285 ./ThirdParty/FreeRTOS/tasks.o
 .debug_macro   0x0001998a       0x17 ./ThirdParty/FreeRTOS/tasks.o
 .debug_macro   0x000199a1      0x1e7 ./ThirdParty/FreeRTOS/timers.o
 .debug_macro   0x00019b88      0x1a7 ./ThirdParty/FreeRTOS/portable/GCC/ARM_CM4F/port.o
 .debug_macro   0x00019d2f      0x219 ./ThirdParty/FreeRTOS/portable/MemMang/heap_4.o

.debug_line     0x00000000    0x19ea7
 .debug_line    0x00000000      0xdb9 ./Core/Src/LedEffect.o
 .debug_line    0x00000db9      0xd0e ./Core/Src/RTC.o